scripts/kconfig/conf --silentoldconfig Kconfig
  SYSHDR  arch/x86/syscalls/../include/generated/uapi/asm/unistd_32.h
  SYSHDR  arch/x86/syscalls/../include/generated/uapi/asm/unistd_64.h
  SYSHDR  arch/x86/syscalls/../include/generated/uapi/asm/unistd_x32.h
  SYSTBL  arch/x86/syscalls/../include/generated/asm/syscalls_32.h
  SYSHDR  arch/x86/syscalls/../include/generated/asm/unistd_32_ia32.h
  SYSHDR  arch/x86/syscalls/../include/generated/asm/unistd_64_x32.h
  SYSTBL  arch/x86/syscalls/../include/generated/asm/syscalls_64.h
  WRAP    arch/x86/include/generated/asm/clkdev.h
  CHK     include/generated/uapi/linux/version.h
  UPD     include/generated/uapi/linux/version.h
  HOSTCC  scripts/kallsyms
  CC      scripts/mod/empty.o
  HOSTCC  scripts/selinux/genheaders/genheaders
  HOSTCC  scripts/mod/mk_elfconfig
  CC      scripts/mod/devicetable-offsets.s
  HOSTCC  scripts/selinux/mdp/mdp
  HOSTCC  scripts/pnmtologo
  MKELF   scripts/mod/elfconfig.h
  GEN     scripts/mod/devicetable-offsets.h
  HOSTCC  scripts/mod/modpost.o
  HOSTCC  scripts/conmakehash
  HOSTCC  scripts/sortextable
  HOSTCC  scripts/mod/sumversion.o
  HOSTCC  scripts/mod/file2alias.o
  HOSTLD  scripts/mod/modpost
  HOSTCC  arch/x86/tools/relocs
  CHK     include/generated/utsrelease.h
  UPD     include/generated/utsrelease.h
  CC      kernel/bounds.s
  GEN     include/generated/bounds.h
  CC      arch/x86/kernel/asm-offsets.s
  GEN     include/generated/asm-offsets.h
  CALL    scripts/checksyscalls.sh
  CC      init/main.o
  CC      init/do_mounts.o
  CC      init/do_mounts_initrd.o
  CC      init/do_mounts_md.o
  CHK     include/generated/compile.h
  UPD     include/generated/compile.h
  HOSTCC  usr/gen_init_cpio
  CC      init/initramfs.o
  CC      init/calibrate.o
  CC      init/init_task.o
  CC      init/version.o
  LD      arch/x86/crypto/built-in.o
  AS      arch/x86/ia32/ia32entry.o
  GEN     usr/initramfs_data.cpio
  LD      init/mounts.o
  CC      kernel/fork.o
  CC      arch/x86/ia32/sys_ia32.o
  CC      arch/x86/ia32/ia32_signal.o
  AS      usr/initramfs_data.o
  CC      arch/x86/kernel/process_64.o
  LD      usr/built-in.o
  LD      init/built-in.o
  CC      arch/x86/ia32/nosyscall.o
  CC      mm/filemap.o
  CC      arch/x86/ia32/syscall_ia32.o
  CC      arch/x86/ia32/ipc32.o
  CC      arch/x86/ia32/audit.o
  CC      mm/mempool.o
  CC      arch/x86/kernel/signal.o
  CC      arch/x86/mm/init.o
  LD      arch/x86/ia32/built-in.o
  CC      kernel/exec_domain.o
  CC      kernel/panic.o
  AS      arch/x86/kernel/entry_64.o
  CC      mm/oom_kill.o
  CC      arch/x86/kernel/traps.o
  CC      mm/fadvise.o
  CC      kernel/printk.o
  CC      arch/x86/mm/init_64.o
  CC      kernel/cpu.o
  CC      mm/maccess.o
  CC      arch/x86/kernel/irq.o
  CC      mm/page_alloc.o
  CC      mm/page-writeback.o
  CC      kernel/exit.o
  CC      arch/x86/mm/fault.o
  CC      arch/x86/kernel/irq_64.o
  CC      kernel/itimer.o
  CC      arch/x86/kernel/dumpstack_64.o
  CC      arch/x86/mm/ioremap.o
  HZFILE  kernel/hz.bc
  CC      kernel/softirq.o
  CC      arch/x86/kernel/time.o
  CC      mm/readahead.o
  CC      arch/x86/kernel/ioport.o
  CC      kernel/resource.o
  CC      arch/x86/mm/extable.o
  CC      mm/swap.o
  CC      arch/x86/mm/pageattr.o
  CC      arch/x86/kernel/ldt.o
  CC      kernel/sysctl.o
  CC      kernel/sysctl_binary.o
  CC      arch/x86/kernel/dumpstack.o
  CC      arch/x86/mm/mmap.o
  CC      mm/truncate.o
  CC      arch/x86/mm/pat.o
  CC      arch/x86/kernel/nmi.o
  CC      kernel/capability.o
  CC      arch/x86/mm/pgtable.o
  CC      mm/vmscan.o
  CC      kernel/ptrace.o
  CC      kernel/timer.o
  LD      arch/x86/net/built-in.o
  CC      arch/x86/kernel/setup.o
  CC      mm/shmem.o
  CC      arch/x86/mm/physaddr.o
  CC      arch/x86/kernel/x86_init.o
  CC      kernel/user.o
  CC      arch/x86/mm/gup.o
  CC      arch/x86/kernel/i8259.o
  CC      kernel/signal.o
  CC      kernel/sys.o
  CC      mm/util.o
  CC      arch/x86/kernel/irqinit.o
  CC      arch/x86/mm/setup_nx.o
  CC      arch/x86/mm/pat_rbtree.o
  CC      mm/mmzone.o
  CC      arch/x86/kernel/jump_label.o
  CC      mm/vmstat.o
  CC      arch/x86/mm/tlb.o
  CC      arch/x86/kernel/irq_work.o
  CC      mm/backing-dev.o
  CC      kernel/kmod.o
  CC      arch/x86/kernel/probe_roms.o
  CC      arch/x86/mm/hugetlbpage.o
  CC      arch/x86/kernel/sys_x86_64.o
  CC      mm/mm_init.o
  CC      kernel/workqueue.o
  LD      arch/x86/platform/ce4100/built-in.o
  CC      arch/x86/mm/numa.o
  CC      arch/x86/platform/efi/efi.o
  CC      mm/mmu_context.o
  CC      mm/percpu.o
  CC      arch/x86/kernel/x8664_ksyms_64.o
  CC      mm/slab_common.o
  CC      arch/x86/kernel/syscall_64.o
  CC      arch/x86/mm/numa_64.o
  CC      arch/x86/platform/efi/efi_64.o
  CC      arch/x86/kernel/vsyscall_64.o
  CC      arch/x86/mm/amdtopology.o
  CC      mm/compaction.o
  AS      arch/x86/platform/efi/efi_stub_64.o
  LD      arch/x86/platform/efi/built-in.o
  LD      arch/x86/platform/geode/built-in.o
  LD      arch/x86/platform/goldfish/built-in.o
  AS      arch/x86/kernel/vsyscall_emu_64.o
  CC      mm/balloon_compaction.o
  LD      arch/x86/platform/iris/built-in.o
  CC      arch/x86/mm/srat.o
  LD      arch/x86/platform/mrst/built-in.o
  CC      arch/x86/kernel/bootflag.o
  LD      arch/x86/platform/olpc/built-in.o
  LD      arch/x86/platform/scx200/built-in.o
  LD      arch/x86/platform/sfi/built-in.o
  LD      arch/x86/platform/ts5500/built-in.o
  LD      arch/x86/platform/uv/built-in.o
  LD      arch/x86/platform/visws/built-in.o
  CC      kernel/pid.o
  LD      arch/x86/platform/built-in.o
  CC      arch/x86/realmode/init.o
  CC      arch/x86/kernel/e820.o
  LD      arch/x86/mm/built-in.o
  CC      mm/interval_tree.o
  CC      fs/open.o
  CC      arch/x86/vdso/vma.o
  CC      kernel/task_work.o
  CC      mm/fremap.o
  LDS     arch/x86/vdso/vdso.lds
  AS      arch/x86/realmode/rm/header.o
  CC      arch/x86/kernel/pci-dma.o
  AS      arch/x86/vdso/vdso-note.o
  CC      arch/x86/vdso/vclock_gettime.o
  CC      fs/read_write.o
  CC      kernel/rcupdate.o
  AS      arch/x86/realmode/rm/trampoline_64.o
  AS      arch/x86/realmode/rm/stack.o
  AS      arch/x86/realmode/rm/reboot.o
  AS      arch/x86/realmode/rm/wakeup_asm.o
  CC      arch/x86/realmode/rm/wakemain.o
  CC      arch/x86/vdso/vgetcpu.o
  CC      mm/highmem.o
  CC      arch/x86/realmode/rm/video-mode.o
  CC      arch/x86/kernel/quirks.o
  CC      kernel/extable.o
  LDS     arch/x86/vdso/vdso32/vdso32.lds
  AS      arch/x86/vdso/vdso32/note.o
  AS      arch/x86/realmode/rm/copy.o
  AS      arch/x86/vdso/vdso32/int80.o
  CC      kernel/params.o
  AS      arch/x86/realmode/rm/bioscall.o
  CC      mm/madvise.o
  AS      arch/x86/vdso/vdso32/syscall.o
  CC      arch/x86/realmode/rm/regs.o
  AS      arch/x86/vdso/vdso32/sysenter.o
  CC      arch/x86/kernel/topology.o
  CC      fs/file_table.o
  CC      arch/x86/realmode/rm/video-vga.o
  CC      arch/x86/vdso/vdso32-setup.o
  CC      arch/x86/realmode/rm/video-vesa.o
  CC      arch/x86/kernel/kdebugfs.o
  CC      arch/x86/realmode/rm/video-bios.o
  CC      mm/memory.o
  CC      kernel/posix-timers.o
  PASYMS  arch/x86/realmode/rm/pasyms.h
  CC      fs/super.o
  LDS     arch/x86/realmode/rm/realmode.lds
  LD      arch/x86/realmode/rm/realmode.elf
  CC      arch/x86/kernel/alternative.o
  RELOCS  arch/x86/realmode/rm/realmode.relocs
  OBJCOPY arch/x86/realmode/rm/realmode.bin
  VDSO    arch/x86/vdso/vdso.so.dbg
  AS      arch/x86/realmode/rmpiggy.o
  LD      arch/x86/realmode/built-in.o
  CC      ipc/compat.o
  VDSO    arch/x86/vdso/vdso32-int80.so.dbg
  CC      kernel/kthread.o
  CC      arch/x86/kernel/i8253.o
  VDSO    arch/x86/vdso/vdso32-syscall.so.dbg
  CC      fs/char_dev.o
  CC      arch/x86/kernel/pci-nommu.o
  CC      kernel/wait.o
  CC      ipc/util.o
  CC      arch/x86/kernel/hw_breakpoint.o
  CC      fs/stat.o
  CC      kernel/sys_ni.o
  CC      kernel/posix-cpu-timers.o
  VDSO    arch/x86/vdso/vdso32-sysenter.so.dbg
  VDSOSYM arch/x86/vdso/vdso-syms.lds
  VDSOSYM arch/x86/vdso/vdso32-int80-syms.lds
  VDSOSYM arch/x86/vdso/vdso32-syscall-syms.lds
  CC      arch/x86/kernel/tsc.o
  VDSOSYM arch/x86/vdso/vdso32-sysenter-syms.lds
  OBJCOPY arch/x86/vdso/vdso.so
  CC      mm/mincore.o
  OBJCOPY arch/x86/vdso/vdso32-int80.so
  OBJCOPY arch/x86/vdso/vdso32-syscall.so
  OBJCOPY arch/x86/vdso/vdso32-sysenter.so
  VDSOSYM arch/x86/vdso/vdso32-syms.lds
  CC      fs/exec.o
  AS      arch/x86/vdso/vdso.o
  CC      ipc/msgutil.o
  AS      arch/x86/vdso/vdso32.o
  LD      arch/x86/vdso/built-in.o
  CC      security/keys/gc.o
  CC      mm/mlock.o
  CC      arch/x86/kernel/io_delay.o
  CC      ipc/msg.o
  CC      kernel/mutex.o
  CC      arch/x86/kernel/rtc.o
  CC      security/keys/key.o
  CC      mm/mmap.o
  CC      arch/x86/kernel/pci-iommu_table.o
  CC      fs/pipe.o
  CC      kernel/hrtimer.o
  CC      ipc/sem.o
  CC      arch/x86/kernel/resource.o
  CC      security/keys/keyring.o
  CC      arch/x86/kernel/process.o
  CC      security/keys/keyctl.o
  CC      fs/namei.o
  CC      arch/x86/kernel/i387.o
  CC      mm/mprotect.o
  CC      kernel/rwsem.o
  CC      ipc/shm.o
  CC      arch/x86/kernel/xsave.o
  CC      security/keys/permission.o
  CC      kernel/nsproxy.o
  CC      mm/mremap.o
  CC      ipc/ipcns_notifier.o
  CC      security/keys/process_keys.o
  CC      arch/x86/kernel/ptrace.o
  CC      ipc/syscall.o
  CC      ipc/ipc_sysctl.o
  CC      kernel/srcu.o
  CC      security/keys/request_key.o
  CC      mm/msync.o
  CC      ipc/mqueue.o
  CC      kernel/semaphore.o
  CC      security/keys/request_key_auth.o
  CC      fs/fcntl.o
  CC      kernel/notifier.o
  CC      mm/rmap.o
  CC      arch/x86/kernel/tls.o
  CC      security/keys/user_defined.o
  CC      security/keys/compat.o
  CC      kernel/ksysfs.o
  CC      arch/x86/kernel/step.o
  CC      ipc/compat_mq.o
  CC      fs/ioctl.o
  CC      security/keys/proc.o
  CC      kernel/cred.o
  CC      arch/x86/kernel/i8237.o
  CC      ipc/namespace.o
  CC      mm/vmalloc.o
  CC      arch/x86/kernel/stacktrace.o
  CC      fs/readdir.o
  CC      ipc/mq_sysctl.o
  CC      security/keys/sysctl.o
  CC      kernel/async.o
  CC      arch/x86/kernel/acpi/boot.o
  LD      ipc/built-in.o
  LD      security/keys/built-in.o
  GEN     security/selinux/flask.h security/selinux/av_permissions.h
  CC      fs/select.o
  CC      security/selinux/avc.o
  CC      kernel/range.o
  CC      crypto/api.o
  CC      kernel/groups.o
  CC      arch/x86/kernel/acpi/sleep.o
  CC      mm/pagewalk.o
  CC      fs/fifo.o
  CC      kernel/lglock.o
  CC      security/selinux/hooks.o
  CC      crypto/cipher.o
  AS      arch/x86/kernel/acpi/wakeup_64.o
  CC      kernel/smpboot.o
  CC      fs/dcache.o
  CC      mm/pgtable-generic.o
  CC      arch/x86/kernel/acpi/cstate.o
  CC      crypto/compress.o
  CC      kernel/events/core.o
  CC      mm/process_vm_access.o
  LD      arch/x86/kernel/acpi/built-in.o
  CC      arch/x86/kernel/apic/apic.o
  CC      crypto/algapi.o
  CC      mm/init-mm.o
  CC      mm/nobootmem.o
  CC      fs/inode.o
  CC      crypto/scatterwalk.o
  CC      mm/memblock.o
  CC      arch/x86/kernel/apic/apic_noop.o
  CC      crypto/proc.o
  CC      arch/x86/kernel/apic/ipi.o
  CC      security/selinux/selinuxfs.o
  CC      mm/bounce.o
  CC      crypto/ablkcipher.o
  CC      arch/x86/kernel/apic/hw_nmi.o
  CC      fs/attr.o
  CC      mm/page_io.o
  CC      arch/x86/kernel/apic/io_apic.o
  CC      fs/bad_inode.o
  CC      mm/swap_state.o
  CC      kernel/events/ring_buffer.o
  CC      crypto/blkcipher.o
  CC      security/selinux/netlink.o
  CC      fs/file.o
  CC      security/selinux/nlmsgtab.o
  CC      mm/swapfile.o
  CC      kernel/events/callchain.o
  CC      kernel/events/hw_breakpoint.o
  CC      crypto/ahash.o
  CC      security/selinux/netif.o
  CC      fs/filesystems.o
  CC      arch/x86/kernel/apic/apic_flat_64.o
  LD      kernel/events/built-in.o
  CC      kernel/irq/irqdesc.o
  CC      fs/namespace.o
  CC      security/selinux/netnode.o
  CC      arch/x86/kernel/apic/probe_64.o
  CC      crypto/shash.o
  CC      mm/dmapool.o
  CC      kernel/irq/handle.o
  LD      arch/x86/kernel/apic/built-in.o
  CC      security/selinux/netport.o
  CC      arch/x86/kernel/cpu/intel_cacheinfo.o
  CC      kernel/irq/manage.o
  CC      mm/hugetlb.o
  CC      crypto/algboss.o
  CC      security/selinux/exports.o
  CC      arch/x86/kernel/cpu/scattered.o
  CC      fs/seq_file.o
  CC      security/selinux/ss/ebitmap.o
  CC      arch/x86/kernel/cpu/topology.o
  CC      kernel/irq/spurious.o
  CC      arch/x86/kernel/cpu/proc.o
  CC      crypto/testmgr.o
  MKCAP   arch/x86/kernel/cpu/capflags.c
  CC      arch/x86/kernel/cpu/powerflags.o
  CC      fs/xattr.o
  CC      arch/x86/kernel/cpu/common.o
  CC      kernel/irq/resend.o
  CC      crypto/crypto_wq.o
  CC      security/selinux/ss/hashtab.o
  CC      mm/mempolicy.o
  CC      kernel/irq/chip.o
  LD      crypto/crypto_algapi.o
  CC      crypto/aead.o
  CC      arch/x86/kernel/cpu/vmware.o
  CC      security/selinux/ss/symtab.o
  CC      kernel/irq/dummychip.o
  CC      security/selinux/ss/sidtab.o
  CC      arch/x86/kernel/cpu/hypervisor.o
  CC      fs/libfs.o
  CC      kernel/irq/devres.o
  LD      crypto/crypto_blkcipher.o
  CC      crypto/chainiv.o
  CC      arch/x86/kernel/cpu/mshyperv.o
  CC      security/selinux/ss/avtab.o
  CC      mm/sparse.o
  CC      kernel/irq/autoprobe.o
  CC      arch/x86/kernel/cpu/rdrand.o
  CC      fs/fs-writeback.o
  CC      arch/x86/kernel/cpu/match.o
  CC      crypto/eseqiv.o
  CC      kernel/irq/proc.o
  CC      mm/sparse-vmemmap.o
  CC      arch/x86/kernel/cpu/bugs_64.o
  CC      security/selinux/ss/policydb.o
  LD      crypto/crypto_hash.o
  CC      crypto/pcompress.o
  CC      arch/x86/kernel/cpu/intel.o
  CC      kernel/irq/migration.o
  CC      mm/slub.o
  LD      crypto/cryptomgr.o
  CC      kernel/irq/pm.o
  CC      crypto/hmac.o
  LD      kernel/irq/built-in.o
  CC      arch/x86/kernel/cpu/amd.o
  CC      kernel/power/qos.o
  CC      crypto/md5.o
  CC      arch/x86/kernel/cpu/centaur.o
  CC      kernel/power/main.o
  CC      fs/pnode.o
  CC      arch/x86/kernel/cpu/perf_event.o
  CC      crypto/sha1_generic.o
  CC      security/selinux/ss/services.o
  CC      kernel/power/console.o
  CC      fs/drop_caches.o
  CC      crypto/cbc.o
  CC      fs/splice.o
  CC      kernel/power/process.o
  CC      crypto/des_generic.o
  CC      kernel/power/suspend.o
  CC      arch/x86/kernel/cpu/perf_event_amd.o
  CC      kernel/power/hibernate.o
  CC      crypto/aes_generic.o
  CC      mm/migrate.o
  CC      arch/x86/kernel/cpu/perf_event_p6.o
  CC      security/selinux/ss/conditional.o
  CC      fs/sync.o
  CC      arch/x86/kernel/cpu/perf_event_knc.o
  CC      kernel/power/snapshot.o
  CC      crypto/arc4.o
  CC      security/selinux/ss/mls.o
  CC      fs/utimes.o
  CC      arch/x86/kernel/cpu/perf_event_p4.o
  CC      mm/kmemleak.o
  CC      crypto/crc32c.o
  CC      fs/stack.o
  CC      crypto/authenc.o
  CC      fs/fs_struct.o
  CC      arch/x86/kernel/cpu/perf_event_intel_lbr.o
  CC      security/selinux/ss/status.o
  CC      kernel/power/swap.o
  CC      fs/statfs.o
  LD      mm/built-in.o
  CC      arch/x86/kernel/cpu/perf_event_intel_ds.o
  CC      block/elevator.o
  CC      security/selinux/netlabel.o
  CC      crypto/authencesn.o
  CC      fs/buffer.o
  CC      kernel/power/user.o
  CC      arch/x86/kernel/cpu/perf_event_intel.o
  LD      security/selinux/selinux.o
  LD      security/selinux/built-in.o
  CC      security/commoncap.o
  CC      block/blk-core.o
  CC      kernel/power/block_io.o
  CC      crypto/rng.o
  CC      kernel/power/poweroff.o
  CC      security/min_addr.o
  LD      kernel/power/built-in.o
  CC      arch/x86/kernel/cpu/perf_event_intel_uncore.o
  CC      kernel/sched/core.o
  CC      security/security.o
  CC      crypto/krng.o
  CC      fs/bio.o
  LD      crypto/crypto.o
  LD      crypto/built-in.o
  CC      drivers/acpi/tables.o
  CC      security/capability.o
  CC      drivers/acpi/blacklist.o
  CC      drivers/acpi/osl.o
  CC      arch/x86/kernel/cpu/mcheck/mce.o
  CC      fs/block_dev.o
  CC      security/lsm_audit.o
  CC      block/blk-tag.o
  CC      drivers/acpi/utils.o
  LD      security/built-in.o
  CC      sound/sound_core.o
  CC      fs/direct-io.o
  CC      block/blk-sysfs.o
  CC      arch/x86/kernel/cpu/mcheck/mce-severity.o
  CC      drivers/acpi/reboot.o
  LD      sound/arm/built-in.o
  LD      sound/atmel/built-in.o
  CC      sound/core/hrtimer.o
  CC      arch/x86/kernel/cpu/mcheck/mce_intel.o
  CC      block/blk-flush.o
  CC      drivers/acpi/nvs.o
  CC      sound/core/hwdep.o
  CC      arch/x86/kernel/cpu/mcheck/mce_amd.o
  CC      drivers/acpi/wakeup.o
  CC      kernel/sched/clock.o
  CC      fs/mpage.o
  CC      block/blk-settings.o
  CC      sound/core/memalloc.o
  CC      kernel/sched/cputime.o
  CC      arch/x86/kernel/cpu/mcheck/threshold.o
  CC      drivers/acpi/sleep.o
  CC      block/blk-ioc.o
  CC      arch/x86/kernel/cpu/mcheck/therm_throt.o
  CC      kernel/sched/idle_task.o
  CC      fs/ioprio.o
  CC      sound/core/sgbuf.o
  CC      drivers/acpi/device_pm.o
  CC      kernel/sched/fair.o
  LD      arch/x86/kernel/cpu/mcheck/built-in.o
  CC      arch/x86/kernel/cpu/mtrr/main.o
  CC      block/blk-map.o
  CC      sound/core/pcm.o
  CC      fs/proc_namespace.o
  CC      drivers/acpi/proc.o
  CC      arch/x86/kernel/cpu/mtrr/if.o
  CC      block/blk-exec.o
  CC      fs/autofs4/init.o
  CC      sound/core/pcm_native.o
  CC      drivers/acpi/bus.o
  CC      fs/autofs4/inode.o
  CC      arch/x86/kernel/cpu/mtrr/generic.o
  CC      drivers/acpi/glue.o
  CC      block/blk-merge.o
  CC      fs/autofs4/root.o
  CC      arch/x86/kernel/cpu/mtrr/cleanup.o
  CC      drivers/acpi/scan.o
  CC      kernel/sched/rt.o
  CC      block/blk-softirq.o
  CC      fs/autofs4/symlink.o
  LD      arch/x86/kernel/cpu/mtrr/built-in.o
  CC      arch/x86/kernel/cpu/perfctr-watchdog.o
  CC      fs/autofs4/waitq.o
  CC      block/blk-timeout.o
  CC      arch/x86/kernel/cpu/perf_event_amd_ibs.o
  CC      drivers/acpi/resource.o
  CC      sound/core/pcm_lib.o
  CC      kernel/sched/stop_task.o
  CC      fs/autofs4/expire.o
  CC      block/blk-iopoll.o
  CC      drivers/acpi/processor_core.o
  CC      arch/x86/kernel/cpu/capflags.o
  CC      kernel/sched/cpupri.o
  LD      arch/x86/kernel/cpu/built-in.o
  CC      arch/x86/kernel/kprobes/core.o
  CC      fs/autofs4/dev-ioctl.o
  CC      block/blk-lib.o
  CC      kernel/sched/stats.o
  CC      drivers/acpi/ec.o
  CC      block/ioctl.o
  LD      kernel/sched/built-in.o
  CC      arch/x86/kernel/kprobes/opt.o
  CC      kernel/time/timekeeping.o
  LD      fs/autofs4/autofs4.o
  LD      fs/autofs4/built-in.o
  CC      sound/core/pcm_timer.o
  CC      fs/debugfs/inode.o
  CC      drivers/acpi/dock.o
  LD      arch/x86/kernel/kprobes/built-in.o
  CC      block/genhd.o
  CC      arch/x86/kernel/reboot.o
  CC      sound/core/pcm_misc.o
  CC      kernel/time/ntp.o
  CC      fs/debugfs/file.o
  CC      sound/core/pcm_memory.o
  CC      arch/x86/kernel/msr.o
  CC      drivers/acpi/pci_root.o
  CC      kernel/time/clocksource.o
  CC      arch/x86/kernel/cpuid.o
  CC      sound/core/timer.o
  LD      fs/debugfs/debugfs.o
  LD      fs/debugfs/built-in.o
  CC      fs/devpts/inode.o
  CC      drivers/acpi/pci_link.o
  CC      block/scsi_ioctl.o
  CC      arch/x86/kernel/early-quirks.o
  CC      kernel/time/jiffies.o
  LD      fs/devpts/devpts.o
  LD      fs/devpts/built-in.o
  LD      fs/exofs/built-in.o
  CC      fs/ext4/balloc.o
  CC      kernel/time/timer_list.o
  CC      arch/x86/kernel/smp.o
  CC      drivers/acpi/pci_irq.o
  CC      block/partition-generic.o
  CC      sound/core/sound.o
  CC      kernel/time/timeconv.o
  CC      arch/x86/kernel/smpboot.o
  CC      drivers/acpi/csrt.o
  CC      fs/ext4/bitmap.o
  CC      kernel/time/posix-clock.o
  CC      sound/core/init.o
  CC      block/partitions/check.o
  CC      drivers/acpi/acpi_platform.o
  CC      kernel/time/alarmtimer.o
  CC      fs/ext4/dir.o
  CC      drivers/acpi/power.o
  CC      arch/x86/kernel/tsc_sync.o
  CC      block/partitions/amiga.o
  CC      sound/core/memory.o
  CC      arch/x86/kernel/setup_percpu.o
  CC      kernel/time/clockevents.o
  CC      fs/ext4/file.o
  CC      sound/core/info.o
  CC      drivers/acpi/event.o
  CC      block/partitions/mac.o
  CC      kernel/time/tick-common.o
  CC      arch/x86/kernel/mpparse.o
  CC      block/partitions/msdos.o
  CC      drivers/acpi/sysfs.o
  CC      kernel/time/tick-broadcast.o
  CC      fs/ext4/fsync.o
  CC      sound/core/control.o
  CC      drivers/acpi/debugfs.o
  CC      arch/x86/kernel/trace_clock.o
  CC      kernel/time/tick-oneshot.o
  CC      block/partitions/osf.o
  CC      arch/x86/kernel/machine_kexec_64.o
  CC      fs/ext4/ialloc.o
  CC      kernel/time/tick-sched.o
  CC      drivers/acpi/numa.o
  AS      arch/x86/kernel/relocate_kernel_64.o
  CC      block/partitions/sgi.o
  CC      arch/x86/kernel/crash.o
  CC      drivers/acpi/video_detect.o
  CC      kernel/time/timer_stats.o
  CC      sound/core/misc.o
  CC      arch/x86/kernel/crash_dump_64.o
  CC      block/partitions/sun.o
  CC      drivers/acpi/processor_driver.o
  CC      sound/core/device.o
  CC      arch/x86/kernel/module.o
  CC      fs/ext4/inode.o
  LD      kernel/time/built-in.o
  CC      kernel/trace/trace_clock.o
  CC      block/partitions/efi.o
  CC      sound/core/isadma.o
  CC      arch/x86/kernel/early_printk.o
  CC      drivers/acpi/processor_throttling.o
  CC      kernel/trace/ring_buffer.o
  CC      sound/core/sound_oss.o
  CC      arch/x86/kernel/hpet.o
  CC      block/partitions/karma.o
  CC      sound/core/info_oss.o
  CC      drivers/acpi/processor_idle.o
  CC      sound/core/vmaster.o
  LD      block/partitions/built-in.o
  CC      block/bsg.o
  CC      arch/x86/kernel/amd_nb.o
  CC      drivers/acpi/processor_thermal.o
  CC      sound/core/ctljack.o
  CC      sound/core/oss/mixer_oss.o
  CC      arch/x86/kernel/pcspeaker.o
  CC      drivers/acpi/processor_perflib.o
  CC      block/noop-iosched.o
  CC      kernel/trace/trace.o
  CC      arch/x86/kernel/microcode_core_early.o
  CC      fs/ext4/page-io.o
  CC      arch/x86/kernel/microcode_intel_early.o
  CC      drivers/acpi/acpica/dsargs.o
  CC      block/deadline-iosched.o
  CC      sound/core/oss/pcm_oss.o
  CC      drivers/acpi/acpica/dscontrol.o
  CC      arch/x86/kernel/microcode_intel_lib.o
  CC      fs/ext4/ioctl.o
  CC      drivers/acpi/acpica/dsfield.o
  CC      block/cfq-iosched.o
  CC      arch/x86/kernel/microcode_core.o
  CC      arch/x86/kernel/microcode_intel.o
  CC      drivers/acpi/acpica/dsinit.o
  CC      fs/ext4/namei.o
  CC      drivers/acpi/acpica/dsmethod.o
  CC      kernel/trace/trace_output.o
  CC      arch/x86/kernel/microcode_amd.o
  CC      drivers/acpi/acpica/dsmthdat.o
  CC      sound/core/oss/pcm_plugin.o
  CC      drivers/acpi/acpica/dsobject.o
  CC      arch/x86/kernel/check.o
  CC      block/compat_ioctl.o
  CC      drivers/acpi/acpica/dsopcode.o
  CC      arch/x86/kernel/pci-swiotlb.o
  CC      drivers/acpi/acpica/dsutils.o
  CC      sound/core/oss/io.o
  CC      kernel/trace/trace_stat.o
  CC      arch/x86/kernel/perf_regs.o
  CC      fs/ext4/super.o
  CC      drivers/acpi/acpica/dswexec.o
  CC      sound/core/oss/copy.o
  CC      arch/x86/kernel/audit_64.o
  LD      block/built-in.o
  CC      kernel/trace/trace_printk.o
  CC      drivers/acpi/acpica/dswload.o
  MK_FW   firmware/e100/d101m_ucode.bin.gen.S
  IHEX    firmware/e100/d101m_ucode.bin
  MK_FW   firmware/e100/d101s_ucode.bin.gen.S
  IHEX    firmware/e100/d101s_ucode.bin
  MK_FW   firmware/e100/d102e_ucode.bin.gen.S
  IHEX    firmware/e100/d102e_ucode.bin
  MK_FW   firmware/tigon/tg3.bin.gen.S
  IHEX    firmware/tigon/tg3.bin
  MK_FW   firmware/tigon/tg3_tso.bin.gen.S
  IHEX    firmware/tigon/tg3_tso.bin
  MK_FW   firmware/tigon/tg3_tso5.bin.gen.S
  IHEX    firmware/tigon/tg3_tso5.bin
  AS      firmware/e100/d101m_ucode.bin.gen.o
  CC      arch/x86/kernel/amd_gart_64.o
  AS      firmware/e100/d101s_ucode.bin.gen.o
  CC      sound/core/oss/linear.o
  CC      drivers/acpi/acpica/dswload2.o
  CC      kernel/trace/trace_sched_switch.o
  AS      firmware/e100/d102e_ucode.bin.gen.o
  CC      sound/core/oss/mulaw.o
  AS      firmware/tigon/tg3.bin.gen.o
  AS      firmware/tigon/tg3_tso.bin.gen.o
  CC      drivers/acpi/acpica/dswscope.o
  AS      firmware/tigon/tg3_tso5.bin.gen.o
  LD      firmware/built-in.o
  CC      kernel/trace/trace_nop.o
  CC      sound/core/oss/route.o
  CC      arch/x86/kernel/aperture_64.o
  CC      drivers/acpi/acpica/dswstate.o
  CC      arch/x86/pci/i386.o
  CC      sound/core/oss/rate.o
  CC      kernel/trace/blktrace.o
  CC      drivers/acpi/acpica/evevent.o
  CC      arch/x86/kernel/pci-calgary_64.o
  CC      arch/x86/pci/init.o
  LD      sound/core/oss/snd-mixer-oss.o
  LD      sound/core/oss/snd-pcm-oss.o
  LD      sound/core/oss/built-in.o
  CC      sound/core/seq/seq_device.o
  CC      drivers/acpi/acpica/evgpe.o
  CC      arch/x86/pci/mmconfig_64.o
  CC      drivers/acpi/acpica/evgpeblk.o
  CC      sound/core/seq/seq_dummy.o
  CC      kernel/trace/trace_events.o
  CC      arch/x86/pci/direct.o
  CC      arch/x86/kernel/tce_64.o
  CC      drivers/acpi/acpica/evgpeinit.o
  CC      sound/core/seq/seq_midi_event.o
  CC      drivers/acpi/acpica/evgpeutil.o
  CC      arch/x86/pci/mmconfig-shared.o
  CC      arch/x86/kernel/mmconf-fam10h_64.o
  CC      sound/core/seq/seq.o
  CC      drivers/acpi/acpica/evglock.o
  CC      arch/x86/kernel/vsmp_64.o
  CC      sound/core/seq/seq_lock.o
  CC      kernel/trace/trace_export.o
  AS      arch/x86/kernel/head_64.o
  CC      drivers/acpi/acpica/evhandler.o
  CC      arch/x86/kernel/head64.o
  CC      arch/x86/pci/fixup.o
  CC      sound/core/seq/seq_clientmgr.o
  CC      drivers/acpi/acpica/evmisc.o
  CC      kernel/trace/trace_event_perf.o
  CC      arch/x86/kernel/head.o
  CC      arch/x86/pci/acpi.o
  LDS     arch/x86/kernel/vmlinux.lds
  CC      drivers/acpi/acpica/evregion.o
  LD      arch/x86/kernel/microcode.o
  LD      arch/x86/kernel/built-in.o
  LD      arch/x86/built-in.o
  CC      fs/fat/cache.o
  CC      kernel/trace/trace_events_filter.o
  CC      drivers/acpi/acpica/evrgnini.o
  CC      arch/x86/pci/legacy.o
  CC      fs/fat/dir.o
  CC      sound/core/seq/seq_memory.o
  CC      arch/x86/pci/irq.o
  CC      drivers/acpi/acpica/evsci.o
  CC      sound/core/seq/seq_queue.o
  CC      drivers/acpi/acpica/evxface.o
  CC      arch/x86/pci/common.o
  CC      kernel/trace/trace_kprobe.o
  CC      drivers/acpi/acpica/evxfevnt.o
  CC      fs/fat/fatent.o
  CC      sound/core/seq/seq_fifo.o
  CC      fs/ext4/symlink.o
  CC      drivers/acpi/acpica/evxfgpe.o
  CC      sound/core/seq/seq_prioq.o
  CC      arch/x86/pci/early.o
  CC      kernel/trace/power-traces.o
  CC      drivers/acpi/acpica/evxfregn.o
  CC      arch/x86/pci/bus_numa.o
  CC      fs/fat/file.o
  CC      fs/ext4/hash.o
  CC      sound/core/seq/seq_timer.o
  CC      drivers/acpi/acpica/exconfig.o
  CC      arch/x86/pci/amd_bus.o
  CC      kernel/trace/trace_probe.o
  CC      fs/ext4/resize.o
  CC      sound/core/seq/seq_system.o
  CC      fs/fat/inode.o
  CC      drivers/acpi/acpica/exconvrt.o
  LD      arch/x86/pci/built-in.o
  CC      sound/core/seq/seq_ports.o
  CC      arch/x86/power/cpu.o
  CC      drivers/acpi/acpica/excreate.o
  LD      kernel/trace/built-in.o
  CC      kernel/freezer.o
  CC      drivers/acpi/acpica/exdebug.o
  CC      arch/x86/power/hibernate_64.o
  CC      sound/core/seq/seq_info.o
  CC      fs/ext4/extents.o
  CC      fs/fat/misc.o
  CC      drivers/acpi/acpica/exdump.o
  CC      kernel/profile.o
  AS      arch/x86/power/hibernate_asm_64.o
  CC      drivers/acpi/acpica/exfield.o
  CC      sound/core/seq/oss/seq_oss.o
  LD      arch/x86/power/built-in.o
  CC      fs/fat/nfs.o
  CC      arch/x86/video/fbdev.o
  CC      drivers/acpi/acpica/exfldio.o
  CC      sound/core/seq/oss/seq_oss_init.o
  CC      kernel/stacktrace.o
  LD      arch/x86/video/built-in.o
  CC      fs/fat/namei_msdos.o
  CC      net/socket.o
  CC      kernel/futex.o
  CC      drivers/acpi/acpica/exmutex.o
  CC      sound/core/seq/oss/seq_oss_timer.o
  CC      drivers/acpi/acpica/exnames.o
  CC      fs/fat/namei_vfat.o
  CC      sound/core/seq/oss/seq_oss_ioctl.o
  CC      drivers/acpi/acpica/exoparg1.o
  CC      drivers/acpi/acpica/exoparg2.o
  CC      sound/core/seq/oss/seq_oss_event.o
  CC      fs/ext4/ext4_jbd2.o
  CC      kernel/futex_compat.o
  CC      drivers/acpi/acpica/exoparg3.o
  LD      fs/fat/fat.o
  LD      fs/fat/vfat.o
  LD      fs/fat/msdos.o
  LD      fs/fat/built-in.o
  CC      net/802/fddi.o
  CC      fs/fscache/cache.o
  CC      sound/core/seq/oss/seq_oss_rw.o
  CC      drivers/acpi/acpica/exoparg6.o
  CC      fs/ext4/migrate.o
  CC      kernel/rtmutex.o
  CC      sound/core/seq/oss/seq_oss_synth.o
  LD      net/802/built-in.o
  CC      net/core/sock.o
  CC      drivers/acpi/acpica/exprep.o
  CC      fs/fscache/cookie.o
  CC      kernel/dma.o
  CC      drivers/acpi/acpica/exmisc.o
  CC      fs/ext4/mballoc.o
  CC      kernel/smp.o
  CC      sound/core/seq/oss/seq_oss_midi.o
  CC      drivers/acpi/acpica/exregion.o
  CC      fs/fscache/fsdef.o
  CC      kernel/spinlock.o
  CC      drivers/acpi/acpica/exresnte.o
  CC      sound/core/seq/oss/seq_oss_readq.o
  CC      fs/fscache/main.o
  CC      drivers/acpi/acpica/exresolv.o
  CC      kernel/uid16.o
  CC      sound/core/seq/oss/seq_oss_writeq.o
  CC      fs/fscache/netfs.o
  CC      net/core/request_sock.o
  CC      drivers/acpi/acpica/exresop.o
  LD      sound/core/seq/oss/snd-seq-oss.o
  LD      sound/core/seq/oss/built-in.o
  LD      sound/core/seq/snd-seq-dummy.o
  CC      kernel/module.o
  LD      sound/core/seq/snd-seq.o
  LD      sound/core/seq/snd-seq-device.o
  LD      sound/core/seq/snd-seq-midi-event.o
  LD      sound/core/seq/built-in.o
  LD      sound/core/snd.o
  LD      sound/core/snd-hwdep.o
  LD      sound/core/snd-timer.o
  CC      fs/fscache/object.o
  LD      sound/core/snd-hrtimer.o
  LD      sound/core/snd-pcm.o
  CC      net/core/skbuff.o
  LD      sound/core/snd-page-alloc.o
  CC      drivers/acpi/acpica/exstore.o
  LD      sound/core/built-in.o
  LD      sound/drivers/mpu401/built-in.o
  LD      sound/drivers/opl3/built-in.o
  LD      sound/drivers/opl4/built-in.o
  LD      sound/drivers/pcsp/built-in.o
  CC      drivers/acpi/acpica/exstoren.o
  LD      sound/drivers/vx/built-in.o
  LD      sound/drivers/built-in.o
  LD      sound/firewire/built-in.o
  LD      sound/i2c/other/built-in.o
  LD      sound/i2c/built-in.o
  LD      sound/isa/ad1816a/built-in.o
  LD      sound/isa/ad1848/built-in.o
  LD      sound/isa/cs423x/built-in.o
  LD      sound/isa/es1688/built-in.o
  CC      drivers/acpi/acpica/exstorob.o
  LD      sound/isa/galaxy/built-in.o
  CC      fs/fscache/operation.o
  LD      sound/isa/gus/built-in.o
  LD      sound/isa/msnd/built-in.o
  CC      fs/ext4/block_validity.o
  LD      sound/isa/opti9xx/built-in.o
  CC      drivers/acpi/acpica/exsystem.o
  LD      sound/isa/sb/built-in.o
  LD      sound/isa/wavefront/built-in.o
  LD      sound/isa/wss/built-in.o
  LD      sound/isa/built-in.o
  LD      sound/mips/built-in.o
  LD      sound/parisc/built-in.o
  LD      sound/pci/ac97/built-in.o
  CC      fs/fscache/page.o
  LD      sound/pci/ali5451/built-in.o
  LD      sound/pci/asihpi/built-in.o
  CC      drivers/acpi/acpica/exutils.o
  CC      fs/ext4/move_extent.o
  LD      sound/pci/au88x0/built-in.o
  CC      drivers/acpi/acpica/hwacpi.o
  LD      sound/pci/aw2/built-in.o
  LD      sound/pci/ca0106/built-in.o
  LD      sound/pci/cs46xx/built-in.o
  CC      kernel/kallsyms.o
  LD      sound/pci/cs5535audio/built-in.o
  LD      sound/pci/ctxfi/built-in.o
  LD      sound/pci/echoaudio/built-in.o
  CC      fs/fscache/proc.o
  CC      drivers/acpi/acpica/hwesleep.o
  LD      sound/pci/emu10k1/built-in.o
  CC      net/core/iovec.o
  CC      sound/pci/hda/patch_analog.o
  CC      fs/ext4/mmp.o
  CC      drivers/acpi/acpica/hwgpe.o
  CC      fs/fscache/stats.o
  CC      kernel/acct.o
  CC      net/core/datagram.o
  LD      fs/fscache/fscache.o
  LD      fs/fscache/built-in.o
  CC      drivers/acpi/acpica/hwpci.o
  CC      fs/hugetlbfs/inode.o
  CC      fs/ext4/indirect.o
  CC      drivers/acpi/acpica/hwregs.o
  CC      kernel/kexec.o
  CC      sound/pci/hda/patch_ca0110.o
  CC      net/core/stream.o
  CC      drivers/acpi/acpica/hwsleep.o
  CC      sound/pci/hda/patch_ca0132.o
  LD      fs/hugetlbfs/hugetlbfs.o
  LD      fs/hugetlbfs/built-in.o
  LD      drivers/amba/built-in.o
  CC      drivers/acpi/acpica/hwvalid.o
  CC      drivers/ata/libata-core.o
  CC      kernel/compat.o
  CC      net/core/scm.o
  CC      drivers/acpi/acpica/hwxface.o
  CC      fs/ext4/extents_status.o
  CC      drivers/acpi/acpica/hwxfsleep.o
  CC      net/core/gen_stats.o
  CC      sound/pci/hda/patch_cirrus.o
  CC      drivers/acpi/acpica/nsaccess.o
  CC      kernel/cgroup.o
  CC      fs/ext4/xattr.o
  CC      net/core/gen_estimator.o
  CC      sound/pci/hda/patch_cmedia.o
  CC      drivers/acpi/acpica/nsalloc.o
  CC      sound/pci/hda/patch_conexant.o
  CC      net/core/net_namespace.o
  CC      drivers/acpi/acpica/nsdump.o
  CC      fs/ext4/xattr_user.o
  CC      drivers/acpi/acpica/nseval.o
  CC      net/core/secure_seq.o
  CC      drivers/ata/libata-scsi.o
  CC      drivers/acpi/acpica/nsinit.o
  CC      net/core/flow_dissector.o
  CC      sound/pci/hda/patch_hdmi.o
  CC      fs/ext4/xattr_trusted.o
  CC      drivers/acpi/acpica/nsload.o
  CC      fs/ext4/inline.o
  CC      drivers/acpi/acpica/nsnames.o
  CC      kernel/cgroup_freezer.o
  CC      net/core/sysctl_net_core.o
  CC      drivers/acpi/acpica/nsobject.o
  CC      kernel/cpuset.o
  CC      sound/pci/hda/hda_eld.o
  CC      net/core/dev.o
  CC      drivers/acpi/acpica/nsparse.o
  CC      drivers/ata/libata-eh.o
  CC      drivers/acpi/acpica/nspredef.o
  CC      fs/ext4/acl.o
  CC      sound/pci/hda/patch_sigmatel.o
  CC      drivers/acpi/acpica/nsprepkg.o
  CC      drivers/acpi/acpica/nsrepair.o
  CC      kernel/utsname.o
  CC      fs/ext4/xattr_security.o
  CC      kernel/pid_namespace.o
  CC      sound/pci/hda/patch_realtek.o
  CC      drivers/acpi/acpica/nsrepair2.o
  LD      fs/ext4/ext4.o
  LD      fs/ext4/built-in.o
  CC      fs/isofs/namei.o
  CC      kernel/res_counter.o
  CC      drivers/acpi/acpica/nssearch.o
  CC      fs/isofs/inode.o
  CC      drivers/ata/libata-transport.o
  CC      drivers/acpi/acpica/nsutils.o
  CC      kernel/stop_machine.o
  CC      sound/pci/hda/patch_si3054.o
  CC      drivers/acpi/acpica/nswalk.o
  CC      kernel/audit.o
  CC      fs/isofs/dir.o
  CC      drivers/acpi/acpica/nsxfeval.o
  CC      drivers/ata/libata-sff.o
  CC      sound/pci/hda/patch_via.o
  CC      net/core/ethtool.o
  CC      fs/isofs/util.o
  CC      fs/isofs/rock.o
  CC      drivers/acpi/acpica/nsxfname.o
  CC      kernel/auditfilter.o
  CC      sound/pci/hda/hda_codec.o
  CC      drivers/acpi/acpica/nsxfobj.o
  CC      fs/isofs/export.o
  CC      drivers/ata/libata-pmp.o
  CC      net/core/dev_addr_lists.o
  CC      drivers/acpi/acpica/psargs.o
  CC      fs/isofs/joliet.o
  CC      drivers/acpi/acpica/psloop.o
  CC      kernel/auditsc.o
  CC      fs/isofs/compress.o
  CC      net/core/dst.o
  CC      drivers/ata/libata-acpi.o
  CC      drivers/acpi/acpica/psobject.o
  LD      fs/isofs/isofs.o
  LD      fs/isofs/built-in.o
  CC      fs/jbd2/transaction.o
  CC      drivers/acpi/acpica/psopcode.o
  CC      drivers/ata/ahci.o
  CC      net/core/netevent.o
  CC      drivers/acpi/acpica/psopinfo.o
  CC      drivers/acpi/acpica/psparse.o
  CC      kernel/audit_watch.o
  CC      net/core/neighbour.o
  CC      drivers/acpi/acpica/psscope.o
  CC      fs/jbd2/commit.o
  CC      drivers/ata/libahci.o
  CC      drivers/acpi/acpica/pstree.o
  CC      sound/pci/hda/hda_jack.o
  CC      kernel/audit_tree.o
  CC      drivers/acpi/acpica/psutils.o
  CC      drivers/acpi/acpica/pswalk.o
  CC      sound/pci/hda/hda_auto_parser.o
  CC      fs/jbd2/recovery.o
  CC      drivers/acpi/acpica/psxface.o
  CC      kernel/kprobes.o
  CC      drivers/ata/ata_piix.o
  CC      drivers/acpi/acpica/rsaddr.o
  CC      sound/pci/hda/hda_generic.o
  CC      net/core/rtnetlink.o
  CC      fs/jbd2/checkpoint.o
  CC      drivers/acpi/acpica/rscalc.o
  CC      drivers/ata/pata_amd.o
  CC      drivers/acpi/acpica/rscreate.o
  CC      drivers/acpi/acpica/rsinfo.o
  CC      fs/jbd2/revoke.o
  CC      kernel/seccomp.o
  CC      drivers/ata/pata_oldpiix.o
  CC      drivers/acpi/acpica/rsio.o
  CC      drivers/acpi/acpica/rsirq.o
  CC      net/core/utils.o
  CC      kernel/rcutree.o
  CC      fs/jbd2/journal.o
  CC      drivers/ata/pata_sch.o
  CC      drivers/acpi/acpica/rslist.o
  CC      drivers/acpi/acpica/rsmemory.o
  CC      net/core/link_watch.o
  LD      drivers/ata/libata.o
  LD      drivers/ata/built-in.o
  LD      drivers/auxdisplay/built-in.o
  CC      drivers/acpi/acpica/rsmisc.o
  LD      sound/pcmcia/pdaudiocf/built-in.o
  CC      sound/pci/hda/hda_proc.o
  LD      sound/pcmcia/vx/built-in.o
  LD      sound/pcmcia/built-in.o
  LD      sound/ppc/built-in.o
  LD      sound/sh/built-in.o
  CC      kernel/relay.o
  LD      sound/soc/built-in.o
  CC      net/core/filter.o
  CC      fs/lockd/clntlock.o
  CC      drivers/acpi/acpica/rsserial.o
  CC      sound/pci/hda/hda_hwdep.o
  CC      drivers/acpi/acpica/rsutils.o
  CC      fs/lockd/clntproc.o
  CC      kernel/utsname_sysctl.o
  CC      net/core/sock_diag.o
  LD      fs/jbd2/jbd2.o
  CC      sound/pci/hda/hda_intel.o
  LD      fs/jbd2/built-in.o
  CC      fs/nfs/client.o
  CC      kernel/delayacct.o
  CC      drivers/acpi/acpica/rsxface.o
  CC      net/core/dev_ioctl.o
  CC      drivers/acpi/acpica/tbfadt.o
  CC      kernel/taskstats.o
  CC      fs/lockd/clntxdr.o
  CC      drivers/acpi/acpica/tbfind.o
  CC      net/core/flow.o
  CC      fs/nfs/dir.o
  CC      drivers/acpi/acpica/tbinstal.o
  CC      kernel/tsacct.o
  CC      fs/lockd/host.o
  LD      sound/pci/hda/snd-hda-codec.o
  LD      sound/pci/hda/snd-hda-codec-realtek.o
  LD      sound/pci/hda/snd-hda-codec-cmedia.o
  LD      sound/pci/hda/snd-hda-codec-analog.o
  LD      sound/pci/hda/snd-hda-codec-idt.o
  LD      sound/pci/hda/snd-hda-codec-si3054.o
  LD      sound/pci/hda/snd-hda-codec-cirrus.o
  LD      sound/pci/hda/snd-hda-codec-ca0110.o
  LD      sound/pci/hda/snd-hda-codec-ca0132.o
  LD      sound/pci/hda/snd-hda-codec-conexant.o
  LD      sound/pci/hda/snd-hda-codec-via.o
  LD      sound/pci/hda/snd-hda-codec-hdmi.o
  LD      sound/pci/hda/snd-hda-intel.o
  LD      sound/pci/hda/built-in.o
  CC      kernel/tracepoint.o
  LD      sound/pci/ice1712/built-in.o
  CC      net/core/net-sysfs.o
  CC      drivers/acpi/acpica/tbutils.o
  LD      sound/pci/korg1212/built-in.o
  LD      sound/pci/lola/built-in.o
  LD      sound/pci/lx6464es/built-in.o
  LD      sound/pci/mixart/built-in.o
  LD      sound/pci/nm256/built-in.o
  LD      sound/pci/oxygen/built-in.o
  LD      sound/pci/pcxhr/built-in.o
  CC      fs/lockd/svc.o
  LD      sound/pci/riptide/built-in.o
  LD      sound/pci/rme9652/built-in.o
  LD      sound/pci/trident/built-in.o
  CC      drivers/acpi/acpica/tbxface.o
  LD      sound/pci/vx222/built-in.o
  LD      sound/pci/ymfpci/built-in.o
  CC      kernel/elfcore.o
  LD      sound/pci/built-in.o
  CC      fs/nfs/file.o
  CC      drivers/acpi/acpica/tbxfload.o
  CC      kernel/irq_work.o
  LD      sound/sparc/built-in.o
  LD      sound/spi/built-in.o
  LD      sound/synth/emux/built-in.o
  LD      sound/synth/built-in.o
  LD      sound/usb/6fire/built-in.o
  CC      net/core/net-procfs.o
  CC      fs/lockd/svclock.o
  LD      sound/usb/caiaq/built-in.o
  LD      sound/usb/misc/built-in.o
  LD      sound/usb/usx2y/built-in.o
  LD      sound/usb/built-in.o
  CC      drivers/acpi/acpica/tbxfroot.o
  CC      kernel/crash_dump.o
  CC      sound/last.o
  CC      drivers/acpi/acpica/utaddress.o
  LD      sound/soundcore.o
  LD      sound/built-in.o
  CC      fs/nfs/getroot.o
  BC      kernel/timeconst.h
  CC      net/core/netpoll.o
  CC      kernel/time.o
  CC      lib/bcd.o
  CC      drivers/acpi/acpica/utalloc.o
  CC      lib/div64.o
  CC      fs/lockd/svcshare.o
  CC      lib/sort.o
  CC      fs/nfs/inode.o
  CC      drivers/acpi/acpica/utcopy.o
  LD      kernel/built-in.o
  CC      lib/parser.o
  CC      arch/x86/lib/msr-smp.o
  CC      drivers/acpi/acpica/utexcep.o
  CC      lib/halfmd4.o
  CC      fs/lockd/svcproc.o
  CC      lib/debug_locks.o
  CC      net/core/fib_rules.o
  CC      drivers/acpi/acpica/utdebug.o
  CC      lib/random32.o
  CC      lib/bust_spinlocks.o
  CC      drivers/acpi/acpica/utdecode.o
  CC      arch/x86/lib/cache-smp.o
  CC      fs/lockd/svcsubs.o
  CC      fs/nfs/super.o
  CC      lib/hexdump.o
  CC      drivers/acpi/acpica/utdelete.o
  CC      arch/x86/lib/msr.o
  CC      net/core/net-traces.o
  CC      lib/kasprintf.o
  AS      arch/x86/lib/msr-reg.o
  CC      arch/x86/lib/msr-reg-export.o
  CC      drivers/acpi/acpica/uteval.o
  CC      lib/bitmap.o
  CC      fs/lockd/mon.o
  AS      arch/x86/lib/iomap_copy_64.o
  AS      arch/x86/lib/clear_page_64.o
  CC      drivers/acpi/acpica/utglobal.o
  AS      arch/x86/lib/cmpxchg16b_emu.o
  AS      arch/x86/lib/copy_page_64.o
  AS      arch/x86/lib/copy_user_64.o
  AS      arch/x86/lib/copy_user_nocache_64.o
  AS      arch/x86/lib/csum-copy_64.o
  CC      drivers/acpi/acpica/utids.o
  CC      arch/x86/lib/csum-partial_64.o
  CC      lib/scatterlist.o
  LD      net/core/built-in.o
  CC      net/dns_resolver/dns_key.o
  CC      fs/nfs/direct.o
  CC      arch/x86/lib/csum-wrappers_64.o
  CC      fs/lockd/xdr.o
  CC      drivers/acpi/acpica/utinit.o
  CC      arch/x86/lib/delay.o
  CC      net/dns_resolver/dns_query.o
  CC      lib/string_helpers.o
  CC      lib/gcd.o
  CC      drivers/acpi/acpica/utlock.o
  AS      arch/x86/lib/getuser.o
  CC      lib/lcm.o
  GEN     arch/x86/lib/inat-tables.c
  CC      lib/list_sort.o
  CC      fs/lockd/grace.o
  LD      net/dns_resolver/dns_resolver.o
  LD      net/dns_resolver/built-in.o
  CC      arch/x86/lib/insn.o
  CC      net/ethernet/eth.o
  CC      drivers/acpi/acpica/utmath.o
  CC      fs/nfs/pagelist.o
  CC      lib/uuid.o
  AS      arch/x86/lib/memcpy_64.o
  CC      fs/lockd/clnt4xdr.o
  CC      lib/flex_array.o
  CC      drivers/acpi/acpica/utmisc.o
  AS      arch/x86/lib/memmove_64.o
  CC      drivers/acpi/acpica/utmutex.o
  AS      arch/x86/lib/memset_64.o
  LD      net/ethernet/built-in.o
  CC      net/ipv4/route.o
  AS      arch/x86/lib/putuser.o
  CC      lib/bsearch.o
  AS      arch/x86/lib/rwlock.o
  CC      fs/nfs/read.o
  CC      lib/find_last_bit.o
  AS      arch/x86/lib/rwsem.o
  CC      drivers/acpi/acpica/utobject.o
  CC      lib/find_next_bit.o
  AS      arch/x86/lib/thunk_64.o
  CC      arch/x86/lib/usercopy.o
  CC      lib/llist.o
  CC      fs/lockd/xdr4.o
  CC      drivers/acpi/acpica/utosi.o
  CC      lib/memweight.o
  CC      lib/kfifo.o
  CC      arch/x86/lib/usercopy_64.o
  CC      drivers/acpi/acpica/utownerid.o
  LD      arch/x86/lib/built-in.o
  CC      arch/x86/lib/inat.o
  CC      fs/nfs/symlink.o
  CC      fs/lockd/svc4proc.o
  AR      arch/x86/lib/lib.a
  CC      fs/nfs_common/nfsacl.o
  CC      drivers/acpi/acpica/utresrc.o
  CC      net/ipv4/inetpeer.o
  CC      lib/kstrtox.o
  CC      fs/nfs/unlink.o
  LD      fs/nfs_common/nfs_acl.o
  LD      fs/nfs_common/built-in.o
  CC      drivers/acpi/acpica/utstate.o
  CC      fs/nls/nls_base.o
  LD      fs/lockd/lockd.o
  CC      lib/iomap.o
  LD      fs/lockd/built-in.o
  CC      fs/notify/fsnotify.o
  CC      drivers/acpi/acpica/utstring.o
  CC      fs/nls/nls_cp437.o
  CC      drivers/acpi/acpica/utxface.o
  CC      net/ipv4/protocol.o
  CC      lib/pci_iomap.o
  CC      fs/notify/notification.o
  CC      fs/nfs/write.o
  CC      fs/nls/nls_ascii.o
  CC      lib/iomap_copy.o
  CC      drivers/acpi/acpica/utxfinit.o
  CC      lib/devres.o
  CC      fs/nls/nls_iso8859-1.o
  CC      fs/notify/group.o
  CC      net/ipv4/ip_input.o
  CC      drivers/acpi/acpica/utxferror.o
  CC      fs/nls/nls_utf8.o
  CC      fs/notify/inode_mark.o
  CC      lib/check_signature.o
  LD      fs/nls/built-in.o
  CC      fs/proc/mmu.o
  CC      lib/hweight.o
  CC      drivers/acpi/acpica/utxfmutex.o
  CC      lib/bitrev.o
  CC      fs/proc/task_mmu.o
  CC      fs/notify/mark.o
  CC      net/ipv4/ip_fragment.o
  CC      lib/crc16.o
  LD      drivers/acpi/acpica/acpi.o
  CC      fs/nfs/namespace.o
  LD      drivers/acpi/acpica/built-in.o
  CC      drivers/acpi/ac.o
  HOSTCC  lib/gen_crc32table
  CC      fs/notify/vfsmount_mark.o
  CC      lib/lzo/lzo1x_compress.o
  CC      drivers/acpi/button.o
  CC      fs/notify/fdinfo.o
  CC      fs/proc/inode.o
  CC      fs/nfs/mount_clnt.o
  CC      lib/lzo/lzo1x_decompress_safe.o
  CC      net/ipv4/ip_forward.o
  CC      drivers/acpi/fan.o
  CC      fs/notify/dnotify/dnotify.o
  LD      lib/lzo/lzo_compress.o
  LD      lib/lzo/lzo_decompress.o
  LD      lib/lzo/built-in.o
  CC      lib/xz/xz_dec_syms.o
  CC      fs/proc/root.o
  CC      drivers/acpi/video.o
  CC      lib/xz/xz_dec_stream.o
  CC      net/ipv4/ip_options.o
  LD      fs/notify/dnotify/built-in.o
  LD      fs/notify/fanotify/built-in.o
  CC      fs/nfs/dns_resolve.o
  CC      fs/notify/inotify/inotify_fsnotify.o
  CC      fs/proc/base.o
  CC      lib/xz/xz_dec_lzma2.o
  CC      fs/notify/inotify/inotify_user.o
  CC      fs/nfs/cache_lib.o
  CC      lib/xz/xz_dec_bcj.o
  LD      drivers/acpi/processor.o
  CC      drivers/acpi/container.o
  CC      net/ipv4/ip_output.o
  LD      fs/notify/inotify/built-in.o
  LD      fs/notify/built-in.o
  CC      fs/nfs/nfsroot.o
  CC      fs/quota/dquot.o
  LD      lib/xz/xz_dec.o
  LD      lib/xz/built-in.o
  CC      lib/zlib_inflate/inffast.o
  CC      drivers/acpi/thermal.o
  CC      lib/zlib_inflate/inflate.o
  CC      fs/proc/generic.o
  CC      fs/nfs/sysctl.o
  CC      drivers/acpi/battery.o
  CC      lib/zlib_inflate/infutil.o
  CC      fs/nfs/nfs2super.o
  CC      fs/proc/array.o
  CC      lib/zlib_inflate/inftrees.o
  CC      net/ipv4/ip_sockglue.o
  CC      lib/zlib_inflate/inflate_syms.o
  CC      fs/quota/quota_v2.o
  CC      drivers/acpi/acpi_i2c.o
  LD      lib/zlib_inflate/zlib_inflate.o
  LD      lib/zlib_inflate/built-in.o
  CC      fs/nfs/proc.o
  CC      lib/percpu_counter.o
  LD      drivers/acpi/acpi.o
  LD      drivers/acpi/built-in.o
  CC      drivers/base/core.o
  CC      fs/proc/fd.o
  CC      lib/swiotlb.o
  CC      fs/quota/quota_tree.o
  CC      net/ipv4/inet_hashtables.o
  CC      fs/proc/proc_tty.o
  CC      fs/quota/quota.o
  CC      fs/proc/cmdline.o
  CC      fs/nfs/nfs2xdr.o
  CC      fs/proc/consoles.o
  CC      lib/iommu-helper.o
  CC      fs/quota/kqid.o
  CC      drivers/base/bus.o
  CC      lib/syscall.o
  CC      fs/quota/compat.o
  CC      net/ipv4/inet_timewait_sock.o
  CC      fs/proc/cpuinfo.o
  CC      lib/nlattr.o
  CC      fs/proc/devices.o
  CC      fs/nfs/nfs3super.o
  CC      fs/quota/netlink.o
  CC      drivers/base/dd.o
  CC      net/ipv4/inet_connection_sock.o
  CC      fs/proc/interrupts.o
  CC      lib/average.o
  LD      fs/quota/built-in.o
  CC      fs/proc/loadavg.o
  CC      fs/nfs/nfs3client.o
  CC      drivers/base/syscore.o
  CC      fs/ramfs/inode.o
  CC      lib/cpu_rmap.o
  CC      drivers/base/driver.o
  CC      fs/proc/meminfo.o
  CC      fs/ramfs/file-mmu.o
  CC      drivers/base/class.o
  CC      fs/nfs/nfs3proc.o
  CC      lib/dynamic_queue_limits.o
  CC      net/ipv4/tcp.o
  CC      fs/proc/stat.o
  LD      fs/ramfs/ramfs.o
  LD      fs/ramfs/built-in.o
  CC      lib/strncpy_from_user.o
  CC      fs/sysfs/inode.o
  CC      lib/strnlen_user.o
  CC      drivers/base/platform.o
  CC      lib/ucs2_string.o
  CC      fs/proc/uptime.o
  CC      fs/sysfs/file.o
  CC      lib/argv_split.o
  CC      fs/nfs/nfs3xdr.o
  CC      fs/proc/version.o
  CC      lib/bug.o
  CC      fs/sysfs/dir.o
  CC      drivers/base/cpu.o
  CC      fs/proc/softirqs.o
  CC      lib/cmdline.o
  CC      drivers/base/firmware.o
  CC      fs/proc/namespaces.o
  CC      lib/cpumask.o
  CC      fs/sysfs/symlink.o
  CC      drivers/base/init.o
  CC      lib/ctype.o
  CC      lib/dec_and_lock.o
  CC      fs/nfs/nfs3acl.o
  CC      drivers/base/map.o
  CC      fs/proc/self.o
  CC      net/ipv4/tcp_input.o
  CC      lib/decompress.o
  CC      lib/decompress_bunzip2.o
  CC      fs/sysfs/mount.o
  CC      drivers/base/devres.o
  CC      fs/proc/proc_sysctl.o
  CC      fs/sysfs/bin.o
  CC      lib/decompress_inflate.o
  CC      fs/nfs/nfs4proc.o
  CC      drivers/base/attribute_container.o
  CC      lib/decompress_unlzma.o
  CC      fs/sysfs/group.o
  CC      drivers/base/transport_class.o
  CC      drivers/base/topology.o
  CC      fs/proc/proc_net.o
  LD      fs/sysfs/built-in.o
  CC      fs/eventpoll.o
  CC      lib/decompress_unlzo.o
  CC      drivers/base/power/sysfs.o
  CC      lib/decompress_unxz.o
  CC      fs/proc/kcore.o
  CC      drivers/base/power/generic_ops.o
  CC      lib/dump_stack.o
  CC      fs/anon_inodes.o
  CC      drivers/base/power/common.o
  CC      fs/signalfd.o
  CC      lib/earlycpio.o
  CC      drivers/base/power/qos.o
  CC      fs/proc/vmcore.o
  CC      lib/extable.o
  CC      drivers/base/power/main.o
  CC      lib/flex_proportions.o
  CC      net/ipv4/tcp_output.o
  CC      fs/timerfd.o
  CC      fs/nfs/nfs4xdr.o
  CC      lib/idr.o
  CC      fs/proc/kmsg.o
  CC      fs/proc/page.o
  CC      fs/eventfd.o
  CC      drivers/base/power/wakeup.o
  CC      lib/int_sqrt.o
  CC      lib/ioremap.o
  LD      fs/proc/proc.o
  LD      fs/proc/built-in.o
  CC      fs/aio.o
  CC      fs/locks.o
  CC      drivers/base/power/trace.o
  CC      lib/irq_regs.o
  CC      lib/is_single_threaded.o
  LD      drivers/base/power/built-in.o
  CC      net/ipv4/tcp_timer.o
  CC      drivers/base/dma-mapping.o
  CC      lib/klist.o
  CC      drivers/base/dma-buf.o
  CC      fs/compat.o
  CC      lib/kobject.o
  CC      fs/compat_ioctl.o
  CC      drivers/base/firmware_class.o
  CC      fs/nfs/nfs4state.o
  CC      net/ipv4/tcp_ipv4.o
fs/compat_ioctl.c: In function 'serial_struct_ioctl':
fs/compat_ioctl.c:611:38: warning: typedef 'SS' locally defined but not used [-Wunused-local-typedefs]
         typedef struct serial_struct SS;
                                      ^
  CC      lib/kobject_uevent.o
  CC      drivers/block/loop.o
  CC      fs/binfmt_misc.o
  CC      lib/md5.o
  CC      lib/plist.o
  CC      drivers/base/node.o
  CC      lib/prio_heap.o
  CC      fs/binfmt_script.o
  CC      fs/nfs/nfs4renewd.o
  CC      net/ipv4/tcp_minisocks.o
  CC      lib/proportions.o
  LD      drivers/block/built-in.o
  LD      drivers/bus/built-in.o
  CC      fs/binfmt_elf.o
  CC      drivers/base/module.o
  CC      lib/radix-tree.o
  LD      drivers/base/built-in.o
  CC      fs/nfs/nfs4super.o
  CC      drivers/cdrom/cdrom.o
  CC      net/ipv4/tcp_cong.o
  CC      net/ipv4/tcp_metrics.o
  CC      lib/ratelimit.o
  CC      lib/rbtree.o
  CC      fs/compat_binfmt_elf.o
  CC      fs/nfs/nfs4file.o
  CC      lib/reciprocal_div.o
  CC      lib/rwsem.o
  CC      drivers/char/mem.o
  CC      fs/nfs/delegation.o
  CC      net/ipv4/tcp_fastopen.o
  LD      drivers/cdrom/built-in.o
  CC      lib/sha1.o
  LD      drivers/clk/x86/built-in.o
  LD      drivers/clk/built-in.o
  CC      drivers/clocksource/acpi_pm.o
  CC      drivers/char/random.o
  CC      lib/show_mem.o
  CC      drivers/clocksource/i8253.o
  CC      net/ipv4/datagram.o
  CC      fs/mbcache.o
  CC      lib/string.o
  CC      fs/nfs/idmap.o
  LD      drivers/clocksource/built-in.o
  CC      drivers/connector/cn_queue.o
  CC      lib/timerqueue.o
  CC      drivers/char/misc.o
  CC      fs/posix_acl.o
  CC      net/ipv4/raw.o
  CC      drivers/connector/connector.o
  CC      lib/vsprintf.o
  CC      drivers/char/hpet.o
  CC      fs/nfs/callback.o
  CC      drivers/connector/cn_proc.o
  CC      fs/xattr_acl.o
  CC      drivers/char/nvram.o
  CC      fs/generic_acl.o
  CC      fs/nfs/callback_xdr.o
  CC      net/ipv4/udp.o
  LD      drivers/connector/cn.o
  LD      drivers/connector/built-in.o
  CC      drivers/cpufreq/cpufreq.o
  CC      fs/coredump.o
  CC      drivers/char/agp/backend.o
  CC      drivers/char/agp/frontend.o
  CC      fs/nfs/callback_proc.o
  GEN     lib/crc32table.h
  AR      lib/lib.a
  CC      lib/crc32.o
  CC      net/ipv4/udplite.o
  CC      drivers/cpufreq/cpufreq_performance.o
  LD      lib/built-in.o
  CC      drivers/cpuidle/cpuidle.o
  CC      fs/nfs/nfs4namespace.o
  CC      drivers/char/agp/generic.o
  CC      drivers/cpufreq/cpufreq_userspace.o
  CC      net/ipv4/arp.o
  CC      drivers/char/hw_random/core.o
  CC      drivers/cpuidle/driver.o
  CC      drivers/cpuidle/governor.o
  CC      drivers/cpufreq/cpufreq_ondemand.o
  CC      fs/nfs/nfs4getroot.o
  CC      drivers/char/hw_random/via-rng.o
  CC      drivers/char/agp/isoch.o
  CC      drivers/cpuidle/sysfs.o
  CC      drivers/cpufreq/cpufreq_governor.o
  LD      drivers/char/hw_random/rng-core.o
  LD      drivers/char/hw_random/built-in.o
  CC      net/ipv4/icmp.o
  LD      drivers/char/pcmcia/built-in.o
  LD      drivers/crypto/built-in.o
  CC      fs/nfs/nfs4client.o
  LD      drivers/dma/built-in.o
  CC      drivers/char/agp/compat_ioctl.o
  CC      drivers/edac/edac_stub.o
  CC      drivers/cpuidle/governors/ladder.o
  CC      drivers/cpufreq/freq_table.o
  CC      drivers/cpuidle/governors/menu.o
  CC      drivers/edac/mce_amd.o
  CC      drivers/cpufreq/acpi-cpufreq.o
  CC      fs/nfs/nfs4sysctl.o
  LD      drivers/cpuidle/governors/built-in.o
  LD      drivers/cpuidle/built-in.o
  CC      drivers/firewire/init_ohci1394_dma.o
  CC      net/ipv4/devinet.o
  CC      drivers/char/agp/amd64-agp.o
  LD      drivers/edac/edac_mce_amd.o
  LD      drivers/edac/built-in.o
  CC      drivers/firmware/dmi_scan.o
  LD      fs/nfs/nfs.o
  LD      fs/nfs/nfsv2.o
  LD      fs/nfs/nfsv3.o
  LD      fs/nfs/nfsv4.o
  LD      fs/nfs/built-in.o
  CC      fs/dcookies.o
  CC      drivers/char/agp/intel-agp.o
  LD      drivers/firewire/built-in.o
  CC      drivers/gpio/devres.o
  CC      drivers/cpufreq/mperf.o
  LD      drivers/gpio/built-in.o
  CC      drivers/firmware/efivars.o
  LD      drivers/cpufreq/built-in.o
  CC      net/ipv4/af_inet.o
  CC      drivers/gpu/drm/drm_auth.o
  CC      drivers/char/agp/intel-gtt.o
  CC      net/ipv4/igmp.o
  LD      fs/built-in.o
  CC      drivers/gpu/drm/drm_buffer.o
  CC      drivers/firmware/dmi-id.o
  CC      drivers/firmware/memmap.o
  CC      net/ipv4/fib_frontend.o
  CC      drivers/gpu/drm/drm_bufs.o
  LD      drivers/char/agp/agpgart.o
  LD      drivers/char/agp/built-in.o
  LD      drivers/char/built-in.o
  CC      drivers/hid/hid-lg.o
  LD      drivers/firmware/built-in.o
  CC      net/ipv4/fib_semantics.o
  LD      drivers/hsi/clients/built-in.o
  LD      drivers/hsi/built-in.o
  CC      drivers/hwmon/hwmon.o
  CC      drivers/hid/hid-lgff.o
  CC      net/ipv4/fib_trie.o
  CC      drivers/gpu/drm/drm_cache.o
  CC      net/ipv4/inet_fragment.o
  LD      drivers/hwmon/built-in.o
  CC      drivers/i2c/i2c-boardinfo.o
  CC      drivers/hid/hid-lg4ff.o
  CC      drivers/i2c/i2c-core.o
  CC      drivers/gpu/drm/drm_context.o
  CC      net/ipv4/ping.o
  CC      net/ipv4/sysctl_net_ipv4.o
  CC      drivers/hid/hid-debug.o
  CC      drivers/gpu/drm/drm_dma.o
  CC      net/ipv4/proc.o
  CC      net/ipv4/fib_rules.o
  CC      drivers/hid/hid-core.o
  CC      drivers/gpu/vga/vgaarb.o
  CC      drivers/i2c/algos/i2c-algo-bit.o
  CC      drivers/gpu/drm/drm_drv.o
  CC      net/ipv4/ipmr.o
  CC      net/ipv4/syncookies.o
  LD      drivers/i2c/algos/built-in.o
  CC      drivers/i2c/busses/i2c-i801.o
  LD      drivers/gpu/vga/built-in.o
  CC      drivers/hid/hid-input.o
  CC      drivers/gpu/drm/drm_fops.o
  CC      net/ipv6/af_inet6.o
  CC      net/ipv4/inet_lro.o
  LD      drivers/i2c/busses/built-in.o
  LD      drivers/i2c/muxes/built-in.o
  LD      drivers/i2c/built-in.o
  LD      drivers/idle/built-in.o
  CC      drivers/input/input.o
  CC      drivers/hid/hidraw.o
  CC      drivers/gpu/drm/drm_gem.o
  CC      net/ipv4/tunnel4.o
  CC      net/ipv6/anycast.o
  CC      net/ipv6/ip6_output.o
  CC      drivers/hid/hid-generic.o
  CC      drivers/gpu/drm/drm_ioctl.o
  CC      drivers/hid/hid-a4tech.o
  CC      net/ipv4/ipconfig.o
  CC      net/ipv6/ip6_input.o
  CC      drivers/input/input-compat.o
  CC      drivers/hid/hid-apple.o
  CC      drivers/gpu/drm/drm_irq.o
  CC      drivers/input/input-mt.o
  CC      net/ipv6/addrconf.o
  CC      net/ipv4/netfilter.o
  CC      drivers/hid/hid-belkin.o
  CC      drivers/input/ff-core.o
  CC      drivers/hid/hid-cherry.o
  CC      net/ipv6/addrlabel.o
  CC      drivers/gpu/drm/drm_lock.o
  CC      drivers/hid/hid-chicony.o
  CC      net/ipv4/netfilter/nf_conntrack_l3proto_ipv4_compat.o
  CC      drivers/input/ff-memless.o
  CC      drivers/hid/hid-cypress.o
  CC      net/ipv6/route.o
  CC      drivers/gpu/drm/drm_memory.o
  CC      drivers/hid/hid-ezkey.o
  CC      net/ipv4/netfilter/nf_conntrack_l3proto_ipv4.o
  CC      drivers/input/input-polldev.o
  CC      drivers/hid/hid-gyration.o
  CC      drivers/gpu/drm/drm_proc.o
  CC      drivers/hid/hid-kensington.o
  CC      drivers/input/sparse-keymap.o
  CC      net/ipv4/netfilter/nf_conntrack_proto_icmp.o
  LD      drivers/hid/hid-logitech.o
  CC      drivers/gpu/drm/drm_stub.o
  CC      drivers/hid/hid-microsoft.o
  CC      drivers/input/serio/serio.o
  CC      drivers/input/mousedev.o
  CC      drivers/hid/hid-monterey.o
  CC      net/ipv4/netfilter/nf_defrag_ipv4.o
  CC      net/ipv6/ip6_fib.o
  CC      drivers/input/serio/i8042.o
  CC      drivers/hid/hid-ntrig.o
  CC      drivers/gpu/drm/drm_vm.o
  CC      drivers/input/evdev.o
  CC      drivers/hid/hid-pl.o
  CC      net/ipv4/netfilter/ip_tables.o
  CC      drivers/input/serio/serport.o
  CC      drivers/gpu/drm/drm_agpsupport.o
  CC      drivers/hid/hid-petalynx.o
  CC      net/ipv6/ipv6_sockglue.o
  CC      drivers/input/serio/libps2.o
  LD      drivers/input/joystick/built-in.o
  CC      drivers/hid/hid-samsung.o
  CC      drivers/input/keyboard/atkbd.o
  CC      drivers/gpu/drm/drm_scatter.o
  LD      drivers/input/serio/built-in.o
  CC      drivers/hid/hid-sony.o
  CC      drivers/iommu/iommu.o
  CC      net/ipv4/netfilter/iptable_filter.o
  CC      net/ipv6/ndisc.o
  CC      drivers/gpu/drm/drm_pci.o
  CC      drivers/hid/hid-sunplus.o
  LD      drivers/input/keyboard/built-in.o
  LD      drivers/input/misc/built-in.o
  CC      drivers/input/mouse/psmouse-base.o
  CC      drivers/iommu/amd_iommu.o
  CC      net/ipv4/netfilter/iptable_mangle.o
  CC      drivers/hid/hid-topseed.o
  CC      drivers/gpu/drm/drm_platform.o
  CC      drivers/hid/usbhid/hid-core.o
  CC      net/ipv4/netfilter/ipt_REJECT.o
  CC      drivers/input/mouse/synaptics.o
  CC      net/ipv6/udp.o
  CC      drivers/gpu/drm/drm_sysfs.o
  CC      net/ipv4/netfilter/ipt_ULOG.o
  CC      drivers/gpu/drm/drm_hashtab.o
  CC      drivers/input/mouse/alps.o
  CC      drivers/iommu/amd_iommu_init.o
  CC      drivers/hid/usbhid/hid-quirks.o
  CC [M]  net/ipv4/netfilter/nf_nat_l3proto_ipv4.o
  CC      drivers/hid/usbhid/hiddev.o
  CC      drivers/gpu/drm/drm_mm.o
  CC      net/ipv6/udplite.o
  CC      drivers/input/mouse/logips2pp.o
  CC      drivers/hid/usbhid/hid-pidff.o
  CC [M]  net/ipv4/netfilter/nf_nat_proto_icmp.o
  CC      drivers/iommu/dmar.o
  CC      drivers/input/mouse/lifebook.o
  CC      net/ipv6/raw.o
  CC      drivers/gpu/drm/drm_crtc.o
  CC [M]  net/ipv4/netfilter/iptable_nat.o
  CC      drivers/input/mouse/trackpoint.o
  LD      drivers/hid/usbhid/usbhid.o
  LD      drivers/hid/usbhid/built-in.o
  LD      drivers/hid/hid.o
  LD      drivers/hid/built-in.o
  CC      net/mac80211/main.o
  CC      drivers/iommu/iova.o
  CC [M]  net/ipv4/netfilter/ipt_MASQUERADE.o
  CC      drivers/input/mouse/cypress_ps2.o
  CC      net/ipv6/icmp.o
  CC      drivers/iommu/intel-iommu.o
  LD      drivers/input/mouse/psmouse.o
  LD      drivers/input/mouse/built-in.o
  LD      drivers/input/tablet/built-in.o
  LD      net/ipv4/netfilter/nf_conntrack_ipv4.o
  LD      drivers/input/touchscreen/built-in.o
  LD [M]  net/ipv4/netfilter/nf_nat_ipv4.o
  LD      drivers/input/input-core.o
  LD      net/ipv4/netfilter/built-in.o
  CC      net/ipv4/tcp_cubic.o
  LD      drivers/input/built-in.o
  LD      drivers/irqchip/built-in.o
  CC      drivers/leds/led-core.o
  CC      drivers/leds/led-class.o
  CC      net/mac80211/status.o
  CC      net/ipv6/mcast.o
  CC      drivers/gpu/drm/drm_modes.o
  CC      drivers/leds/led-triggers.o
  CC      net/ipv4/cipso_ipv4.o
  LD      drivers/leds/built-in.o
  LD      drivers/lguest/built-in.o
  CC      drivers/macintosh/mac_hid.o
  CC      net/mac80211/sta_info.o
  CC      drivers/gpu/drm/drm_edid.o
  LD      drivers/macintosh/built-in.o
  CC      drivers/md/dm-raid1.o
  LD      drivers/iommu/built-in.o
  LD      drivers/media/common/b2c2/built-in.o
  LD      drivers/media/common/saa7146/built-in.o
  CC      net/ipv4/xfrm4_policy.o
  LD      drivers/media/common/siano/built-in.o
  LD      drivers/media/common/built-in.o
  LD      drivers/media/firewire/built-in.o
  CC      net/ipv6/reassembly.o
  LD      drivers/media/i2c/soc_camera/built-in.o
  LD      drivers/media/i2c/built-in.o
  LD      drivers/media/mmc/siano/built-in.o
  LD      drivers/media/mmc/built-in.o
  LD      drivers/media/parport/built-in.o
  LD      drivers/media/pci/b2c2/built-in.o
  CC      drivers/md/dm.o
  LD      drivers/media/pci/ddbridge/built-in.o
  CC      drivers/gpu/drm/drm_info.o
  LD      drivers/media/pci/dm1105/built-in.o
  CC      net/mac80211/wep.o
  LD      drivers/media/pci/mantis/built-in.o
  CC      net/ipv4/xfrm4_state.o
  LD      drivers/media/pci/ngene/built-in.o
  LD      drivers/media/pci/pluto2/built-in.o
  LD      drivers/media/pci/pt1/built-in.o
  CC      net/ipv6/tcp_ipv6.o
  LD      drivers/media/pci/saa7146/built-in.o
  LD      drivers/media/pci/ttpci/built-in.o
  LD      drivers/media/pci/built-in.o
  CC      drivers/gpu/drm/drm_debugfs.o
  CC      net/ipv4/xfrm4_input.o
  CC      net/mac80211/wpa.o
  LD      drivers/media/platform/davinci/built-in.o
  LD      drivers/media/platform/built-in.o
  LD      drivers/media/rc/keymaps/built-in.o
  LD      drivers/media/rc/built-in.o
  LD      drivers/media/tuners/built-in.o
  LD      drivers/media/usb/b2c2/built-in.o
  LD      drivers/media/usb/dvb-usb/built-in.o
  LD      drivers/media/usb/dvb-usb-v2/built-in.o
  LD      drivers/media/usb/s2255/built-in.o
  LD      drivers/media/usb/siano/built-in.o
  CC      drivers/md/dm-table.o
  LD      drivers/media/usb/stkwebcam/built-in.o
  LD      drivers/media/usb/ttusb-budget/built-in.o
  CC      drivers/gpu/drm/drm_encoder_slave.o
  LD      drivers/media/usb/ttusb-dec/built-in.o
  LD      drivers/media/usb/zr364xx/built-in.o
  LD      drivers/media/usb/built-in.o
  LD      drivers/media/built-in.o
  CC      net/ipv4/xfrm4_output.o
  LD      drivers/mfd/built-in.o
  CC      net/mac80211/scan.o
  LD      drivers/misc/carma/built-in.o
  CC      drivers/gpu/drm/drm_trace_points.o
  LD      drivers/misc/cb710/built-in.o
  LD      drivers/misc/eeprom/built-in.o
  LD      net/ipv4/built-in.o
  LD      drivers/misc/lis3lv02d/built-in.o
  CC      net/ipv6/exthdrs.o
  CC      net/netfilter/core.o
  LD      drivers/misc/ti-st/built-in.o
  LD      drivers/misc/built-in.o
  LD      drivers/mmc/built-in.o
  CC      drivers/net/mii.o
  CC      drivers/md/dm-target.o
  CC      drivers/gpu/drm/drm_global.o
  CC      drivers/gpu/drm/drm_prime.o
  CC      net/netfilter/nf_log.o
  CC      drivers/md/dm-linear.o
  CC      drivers/net/Space.o
  CC      net/ipv6/datagram.o
  CC      net/mac80211/offchannel.o
  CC      drivers/md/dm-stripe.o
  CC      drivers/net/loopback.o
  CC      net/netfilter/nf_queue.o
  CC      drivers/gpu/drm/drm_ioc32.o
  CC      net/ipv6/ip6_flowlabel.o
  CC      drivers/md/dm-ioctl.o
  CC      net/mac80211/ht.o
  CC      drivers/net/netconsole.o
  CC      net/netfilter/nf_sockopt.o
  CC      drivers/gpu/drm/ati_pcigart.o
  LD      drivers/net/ethernet/3com/built-in.o
  LD      drivers/net/ethernet/8390/built-in.o
  CC      net/ipv6/inet6_connection_sock.o
  LD      drivers/net/ethernet/adaptec/built-in.o
  CC      net/netfilter/nf_conntrack_core.o
  LD      drivers/net/ethernet/alteon/built-in.o
  CC      net/mac80211/agg-tx.o
  LD      drivers/net/ethernet/amd/built-in.o
  LD      drivers/net/ethernet/atheros/built-in.o
  CC      drivers/net/ethernet/broadcom/tg3.o
  CC      drivers/gpu/drm/drm_fb_helper.o
  CC      drivers/md/dm-io.o
  CC      net/ipv6/sysctl_net_ipv6.o
  CC      drivers/md/dm-kcopyd.o
  CC      net/netfilter/nf_conntrack_standalone.o
  CC      net/mac80211/agg-rx.o
  CC      net/ipv6/xfrm6_policy.o
  CC      drivers/gpu/drm/drm_crtc_helper.o
  CC      drivers/md/dm-sysfs.o
  CC      net/netfilter/nf_conntrack_expect.o
  CC      net/mac80211/vht.o
  CC      net/ipv6/xfrm6_state.o
  CC      drivers/md/md.o
  CC      drivers/gpu/drm/drm_dp_helper.o
  CC      net/mac80211/ibss.o
  CC      net/netfilter/nf_conntrack_helper.o
  CC      net/ipv6/xfrm6_input.o
  LD      drivers/gpu/drm/i2c/built-in.o
  CC      drivers/gpu/drm/i915/i915_drv.o
  CC      net/netfilter/nf_conntrack_proto.o
  CC      net/ipv6/xfrm6_output.o
  CC      net/mac80211/iface.o
  CC      drivers/gpu/drm/i915/i915_dma.o
  CC      net/netfilter/nf_conntrack_l3proto_generic.o
  CC      net/ipv6/netfilter.o
  CC      net/netfilter/nf_conntrack_proto_generic.o
  CC      net/ipv6/proc.o
  CC      net/netfilter/nf_conntrack_proto_tcp.o
  CC      net/mac80211/rate.o
  CC      drivers/gpu/drm/i915/i915_irq.o
  CC      net/ipv6/syncookies.o
  CC      net/mac80211/michael.o
  CC      drivers/md/bitmap.o
  CC      net/mac80211/tkip.o
  CC      net/netfilter/nf_conntrack_proto_udp.o
  CC      net/ipv6/ah6.o
  CC      net/netfilter/nf_conntrack_extend.o
  CC      net/mac80211/aes_ccm.o
  CC      drivers/gpu/drm/i915/i915_debugfs.o
  CC      net/ipv6/esp6.o
  CC      net/mac80211/aes_cmac.o
  CC      net/netfilter/nf_conntrack_acct.o
  CC      drivers/md/dm-log.o
  CC      net/netfilter/nfnetlink.o
  LD      drivers/net/ethernet/broadcom/built-in.o
  LD      drivers/net/ethernet/brocade/built-in.o
  LD      drivers/net/ethernet/cadence/built-in.o
  LD      drivers/net/ethernet/chelsio/built-in.o
  LD      drivers/net/ethernet/cisco/built-in.o
  LD      drivers/net/ethernet/dec/tulip/built-in.o
  LD      drivers/net/ethernet/dec/built-in.o
  LD      drivers/net/ethernet/dlink/built-in.o
  LD      drivers/net/ethernet/emulex/built-in.o
  LD      drivers/net/ethernet/fujitsu/built-in.o
  CC      net/mac80211/cfg.o
  LD      drivers/net/ethernet/hp/built-in.o
  LD      drivers/net/ethernet/i825xx/built-in.o
  CC      drivers/md/dm-region-hash.o
  CC      drivers/net/ethernet/intel/e100.o
  CC      net/ipv6/xfrm6_mode_transport.o
  CC      drivers/gpu/drm/i915/i915_suspend.o
  CC      net/netfilter/nfnetlink_log.o
  CC      net/ipv6/xfrm6_mode_tunnel.o
  CC      drivers/gpu/drm/i915/i915_gem.o
  CC      drivers/md/dm-zero.o
  CC      net/ipv6/xfrm6_mode_beet.o
  LD      net/netfilter/nf_conntrack.o
  CC      net/netfilter/nf_conntrack_netlink.o
  LD      drivers/md/md-mod.o
  LD      drivers/md/dm-mod.o
  LD      drivers/md/dm-mirror.o
  LD      drivers/md/built-in.o
  LD      drivers/nfc/built-in.o
  CC      drivers/pci/access.o
  CC      drivers/net/ethernet/intel/e1000/e1000_main.o
  CC      net/mac80211/rx.o
  CC      drivers/pci/bus.o
  CC      net/ipv6/netfilter/ip6_tables.o
  CC      drivers/pci/probe.o
  CC      net/netfilter/nf_conntrack_ftp.o
  CC      drivers/gpu/drm/i915/i915_gem_context.o
  CC      net/mac80211/spectmgmt.o
  CC      net/netfilter/nf_conntrack_irc.o
  CC      drivers/pci/host-bridge.o
  CC      net/ipv6/netfilter/ip6table_filter.o
  CC      drivers/gpu/drm/i915/i915_gem_debug.o
  CC      net/mac80211/tx.o
  CC      drivers/net/ethernet/intel/e1000/e1000_hw.o
  CC      drivers/pci/remove.o
  CC      net/netfilter/nf_conntrack_sip.o
  CC      net/ipv6/netfilter/ip6table_mangle.o
  CC      drivers/pci/pci.o
  CC      drivers/gpu/drm/i915/i915_gem_evict.o
  CC      net/ipv6/netfilter/nf_conntrack_l3proto_ipv6.o
  CC      drivers/gpu/drm/i915/i915_gem_execbuffer.o
  CC      net/mac80211/key.o
  CC      net/netfilter/x_tables.o
  CC      drivers/net/ethernet/intel/e1000/e1000_ethtool.o
  CC      net/ipv6/netfilter/nf_conntrack_proto_icmpv6.o
  CC      drivers/pci/pci-driver.o
  CC      net/mac80211/util.o
  CC      net/ipv6/netfilter/nf_defrag_ipv6_hooks.o
  CC      drivers/gpu/drm/i915/i915_gem_gtt.o
  CC      net/netfilter/xt_tcpudp.o
  CC      net/ipv6/netfilter/nf_conntrack_reasm.o
  CC      drivers/pci/search.o
  CC      drivers/net/ethernet/intel/e1000/e1000_param.o
  CC      drivers/pci/pci-sysfs.o
  CC      drivers/gpu/drm/i915/i915_gem_stolen.o
  CC      net/netfilter/xt_CONNSECMARK.o
  CC      net/ipv6/netfilter/ip6t_ipv6header.o
  LD      drivers/net/ethernet/intel/e1000/e1000.o
  LD      drivers/net/ethernet/intel/e1000/built-in.o
  LD      drivers/net/ethernet/intel/built-in.o
  CC      net/mac80211/wme.o
  CC      drivers/net/ethernet/marvell/sky2.o
  CC      net/netfilter/xt_NFLOG.o
  CC      drivers/gpu/drm/i915/i915_gem_tiling.o
  CC      net/ipv6/netfilter/ip6t_REJECT.o
  CC      drivers/pci/rom.o
  CC      net/mac80211/event.o
  CC      net/netfilter/xt_SECMARK.o
  CC      drivers/gpu/drm/i915/i915_sysfs.o
  CC      drivers/pci/setup-res.o
  LD      net/ipv6/netfilter/nf_conntrack_ipv6.o
  CC      net/mac80211/chan.o
  LD      net/ipv6/netfilter/nf_defrag_ipv6.o
  CC      net/netfilter/xt_TCPMSS.o
  CC      drivers/pci/irq.o
  LD      net/ipv6/netfilter/built-in.o
  CC      net/ipv6/sit.o
  CC      drivers/gpu/drm/i915/i915_trace_points.o
  CC      net/netfilter/xt_conntrack.o
  CC      net/mac80211/trace.o
  CC      drivers/pci/vpd.o
  CC      net/netfilter/xt_policy.o
  LD      drivers/net/ethernet/marvell/built-in.o
  LD      drivers/net/ethernet/mellanox/built-in.o
  LD      drivers/net/ethernet/micrel/built-in.o
  LD      drivers/net/ethernet/myricom/built-in.o
  CC      net/ipv6/addrconf_core.o
  CC      drivers/pci/setup-bus.o
  LD      drivers/net/ethernet/natsemi/built-in.o
  LD      drivers/net/ethernet/neterion/built-in.o
  CC      drivers/gpu/drm/i915/i915_ums.o
  CC      drivers/net/ethernet/nvidia/forcedeth.o
  CC      net/netfilter/xt_state.o
  CC      net/ipv6/exthdrs_core.o
  CC      drivers/pci/proc.o
  CC      drivers/gpu/drm/i915/intel_display.o
  CC [M]  net/netfilter/nf_nat_core.o
  CC      net/ipv6/ip6_checksum.o
  CC      drivers/pci/slot.o
  CC      net/ipv6/output_core.o
  CC [M]  net/netfilter/nf_nat_proto_unknown.o
  CC      drivers/pci/quirks.o
  CC      net/ipv6/protocol.o
  CC [M]  net/netfilter/nf_nat_proto_common.o
  CC      net/ipv6/ip6_offload.o
  CC [M]  net/netfilter/nf_nat_proto_udp.o
  LD      drivers/net/ethernet/nvidia/built-in.o
  LD      drivers/net/ethernet/oki-semi/built-in.o
  LD      drivers/net/ethernet/packetengines/built-in.o
  CC      drivers/pci/hotplug/pci_hotplug_core.o
  LD      drivers/net/ethernet/qlogic/built-in.o
  LD      drivers/net/ethernet/rdc/built-in.o
  CC      drivers/net/ethernet/realtek/8139too.o
  CC [M]  net/netfilter/nf_nat_proto_tcp.o
  CC      net/ipv6/tcpv6_offload.o
  CC      net/mac80211/mlme.o
  CC      drivers/pci/hotplug/pcihp_slot.o
  CC [M]  net/netfilter/nf_nat_helper.o
  CC      net/ipv6/udp_offload.o
  CC      drivers/pci/hotplug/acpi_pcihp.o
  LD      drivers/net/ethernet/realtek/built-in.o
  CC      net/ipv6/exthdrs_offload.o
  LD      drivers/net/ethernet/seeq/built-in.o
  LD      drivers/net/ethernet/silan/built-in.o
  LD      drivers/net/ethernet/sis/built-in.o
  LD      drivers/pci/hotplug/pci_hotplug.o
  LD      drivers/net/ethernet/smsc/built-in.o
  LD      drivers/pci/hotplug/built-in.o
  CC      drivers/pci/pcie/aspm.o
  LD      drivers/net/ethernet/stmicro/built-in.o
  CC [M]  net/netfilter/nf_nat_ftp.o
  LD      drivers/net/ethernet/sun/built-in.o
  LD      drivers/net/ethernet/tehuti/built-in.o
  LD      drivers/net/ethernet/ti/built-in.o
  LD      drivers/net/ethernet/via/built-in.o
  CC      drivers/gpu/drm/i915/intel_crt.o
  LD      drivers/net/ethernet/wiznet/built-in.o
  LD      drivers/net/ethernet/xircom/built-in.o
  LD      drivers/net/ethernet/built-in.o
  CC      net/ipv6/inet6_hashtables.o
  CC      drivers/pci/pcie/portdrv_core.o
  CC [M]  net/netfilter/nf_nat_irc.o
  LD      drivers/net/fddi/built-in.o
  LD      drivers/net/hamradio/built-in.o
  CC      drivers/net/phy/phy.o
  CC      drivers/gpu/drm/i915/intel_lvds.o
  CC      drivers/pci/pcie/portdrv_pci.o
  CC      net/mac80211/led.o
  LD      net/ipv6/ipv6.o
  LD      net/ipv6/built-in.o
  CC [M]  net/netfilter/nf_nat_sip.o
  CC      net/netlabel/netlabel_user.o
  CC      drivers/net/phy/phy_device.o
  CC      drivers/pci/pcie/portdrv_bus.o
  CC      net/mac80211/pm.o
  CC      net/netlabel/netlabel_kapi.o
  CC      drivers/gpu/drm/i915/intel_bios.o
  CC      drivers/pci/pcie/portdrv_acpi.o
  CC [M]  net/netfilter/xt_mark.o
  CC      drivers/net/phy/mdio_bus.o
  CC      drivers/pci/pcie/aer/aerdrv_errprint.o
  CC      net/mac80211/rc80211_minstrel.o
  CC      drivers/gpu/drm/i915/intel_ddi.o
  CC      net/netlabel/netlabel_domainhash.o
  CC [M]  net/netfilter/xt_nat.o
  LD      drivers/net/phy/libphy.o
  LD      drivers/net/phy/built-in.o
  CC      drivers/pci/pcie/aer/aerdrv_core.o
  LD      drivers/net/wireless/built-in.o
  LD      drivers/net/built-in.o
  CC [M]  net/netfilter/xt_LOG.o
  CC      drivers/pcmcia/ds.o
  CC      net/mac80211/rc80211_minstrel_ht.o
  CC      net/netlabel/netlabel_addrlist.o
  CC      drivers/gpu/drm/i915/intel_dp.o
  CC      drivers/pci/pcie/aer/aerdrv.o
  CC      net/netlabel/netlabel_mgmt.o
  CC      drivers/pcmcia/pcmcia_resource.o
  LD      net/netfilter/netfilter.o
  LD [M]  net/netfilter/nf_nat.o
  LD      net/netfilter/built-in.o
  LD      net/mac80211/mac80211.o
  CC      net/netlink/af_netlink.o
  LD      net/mac80211/built-in.o
  CC      net/packet/af_packet.o
  CC      drivers/pci/pcie/aer/aerdrv_acpi.o
  LD      drivers/pci/pcie/aer/aerdriver.o
  LD      drivers/pci/pcie/aer/built-in.o
  LD      drivers/pci/pcie/pcieportdrv.o
  CC      net/netlabel/netlabel_unlabeled.o
  LD      drivers/pci/pcie/built-in.o
  CC      drivers/pci/hotplug-pci.o
  CC      drivers/pcmcia/cistpl.o
  CC      drivers/gpu/drm/i915/intel_hdmi.o
  CC      drivers/pci/msi.o
  CC      net/netlabel/netlabel_cipso_v4.o
  CC      net/netlink/genetlink.o
  CC      drivers/pcmcia/pcmcia_cis.o
  CC      drivers/pci/htirq.o
  CC      drivers/gpu/drm/i915/intel_sdvo.o
  LD      net/packet/built-in.o
  CC      net/rfkill/core.o
  CC      drivers/pci/ats.o
  CC      drivers/pcmcia/cs.o
  LD      net/netlabel/built-in.o
  CC      net/sched/sch_generic.o
  LD      net/netlink/built-in.o
  CC      net/sunrpc/clnt.o
  CC      net/rfkill/input.o
  CC      drivers/pci/pci-acpi.o
  CC      drivers/pcmcia/socket_sysfs.o
  LD      net/rfkill/rfkill.o
  LD      net/rfkill/built-in.o
  CC      net/unix/af_unix.o
  CC      drivers/gpu/drm/i915/intel_modes.o
  CC      drivers/pci/pci-label.o
  CC      drivers/pcmcia/cardbus.o
  CC      net/sched/sch_mq.o
  CC      drivers/gpu/drm/i915/intel_panel.o
  CC      net/sunrpc/xprt.o
  LD      drivers/pci/built-in.o
  CC      drivers/pcmcia/rsrc_mgr.o
  LD      drivers/pinctrl/built-in.o
  CC      drivers/platform/x86/eeepc-laptop.o
  CC      net/sched/sch_api.o
  CC      drivers/pcmcia/rsrc_nonstatic.o
  CC      drivers/gpu/drm/i915/intel_pm.o
  CC      net/unix/garbage.o
  CC      net/sunrpc/socklib.o
  LD      drivers/platform/x86/built-in.o
  LD      drivers/platform/built-in.o
  CC      drivers/pnp/core.o
  CC      drivers/pcmcia/yenta_socket.o
  CC      net/unix/sysctl_net_unix.o
  CC      net/sunrpc/xprtsock.o
  CC      drivers/pnp/card.o
  CC      net/sched/sch_blackhole.o
  CC      drivers/pnp/driver.o
  LD      net/unix/unix.o
  LD      net/unix/built-in.o
  CC      net/sched/cls_api.o
  CC      net/wireless/core.o
  CC      drivers/pnp/resource.o
  LD      drivers/pcmcia/pcmcia_core.o
  LD      drivers/pcmcia/pcmcia.o
  LD      drivers/pcmcia/pcmcia_rsrc.o
  LD      drivers/pcmcia/built-in.o
  CC      drivers/power/power_supply_core.o
  CC      drivers/gpu/drm/i915/intel_i2c.o
  CC      net/sched/act_api.o
  CC      net/sunrpc/sched.o
  CC      drivers/power/power_supply_sysfs.o
  CC      drivers/pnp/manager.o
  CC      drivers/power/power_supply_leds.o
  CC      drivers/gpu/drm/i915/intel_fb.o
  CC      net/wireless/sysfs.o
  CC      drivers/pnp/support.o
  LD      drivers/power/power_supply.o
  LD      drivers/power/built-in.o
  CC      drivers/pps/pps.o
  CC      drivers/pnp/interface.o
  CC      net/sched/sch_fifo.o
  CC      drivers/gpu/drm/i915/intel_tv.o
  CC      drivers/pps/kapi.o
  CC      drivers/pnp/quirks.o
  CC      net/wireless/radiotap.o
  CC      net/sunrpc/auth.o
  CC      net/sched/ematch.o
  CC      drivers/pps/sysfs.o
  CC      drivers/pnp/system.o
  LD      drivers/pps/clients/built-in.o
  CC      drivers/gpu/drm/i915/intel_dvo.o
  LD      drivers/pps/generators/built-in.o
  CC      net/wireless/util.o
  LD      drivers/pps/pps_core.o
  CC      drivers/pnp/pnpacpi/core.o
  LD      drivers/pps/built-in.o
  CC      drivers/ptp/ptp_clock.o
  LD      net/sched/built-in.o
  CC      net/xfrm/xfrm_policy.o
  CC      net/sunrpc/auth_null.o
  CC      drivers/pnp/pnpacpi/rsparser.o
  CC      drivers/gpu/drm/i915/intel_ringbuffer.o
  CC      drivers/ptp/ptp_chardev.o
  CC      net/sunrpc/auth_unix.o
  LD      drivers/pnp/pnpacpi/pnp.o
  LD      drivers/pnp/pnpacpi/built-in.o
  CC      drivers/ptp/ptp_sysfs.o
  LD      drivers/pnp/pnp.o
  LD      drivers/pnp/built-in.o
  LD      drivers/pwm/built-in.o
  CC      drivers/rtc/rtc-lib.o
  CC      drivers/rtc/class.o
  LD      drivers/ptp/ptp.o
  LD      drivers/ptp/built-in.o
  CC      drivers/gpu/drm/i915/intel_overlay.o
  LD      drivers/scsi/pcmcia/built-in.o
  CC      drivers/scsi/scsi.o
  CC      net/wireless/reg.o
  CC      net/sunrpc/auth_generic.o
  CC      drivers/rtc/interface.o
  CC      net/xfrm/xfrm_state.o
  CC      net/sunrpc/svc.o
  CC      drivers/rtc/rtc-dev.o
  CC      drivers/gpu/drm/i915/intel_sprite.o
  CC      net/wireless/scan.o
  CC      drivers/scsi/hosts.o
  CC      drivers/rtc/rtc-proc.o
  CC      net/sunrpc/svcsock.o
  CC      drivers/gpu/drm/i915/intel_opregion.o
  CC      drivers/rtc/rtc-sysfs.o
  CC      drivers/scsi/scsi_ioctl.o
  CC      drivers/rtc/rtc-cmos.o
  CC      drivers/gpu/drm/i915/dvo_ch7xxx.o
  CC      net/wireless/nl80211.o
  CC      net/xfrm/xfrm_hash.o
  CC      drivers/scsi/constants.o
  CC      net/xfrm/xfrm_input.o
  CC      net/sunrpc/svcauth.o
  LD      drivers/rtc/rtc-core.o
  LD      drivers/rtc/built-in.o
  CC      drivers/thermal/thermal_sys.o
  CC      drivers/gpu/drm/i915/dvo_ch7017.o
  CC      net/sunrpc/svcauth_unix.o
  CC      drivers/scsi/scsicam.o
  CC      net/xfrm/xfrm_output.o
  CC      drivers/gpu/drm/i915/dvo_ivch.o
  CC      drivers/scsi/scsi_error.o
  CC      drivers/thermal/step_wise.o
  CC      drivers/gpu/drm/i915/dvo_tfp410.o
  CC      net/xfrm/xfrm_sysctl.o
  LD      drivers/thermal/built-in.o
  CC      drivers/tty/tty_io.o
  CC      net/sunrpc/addr.o
  CC      drivers/gpu/drm/i915/dvo_sil164.o
  CC      net/xfrm/xfrm_replay.o
  CC      net/sunrpc/rpcb_clnt.o
  CC      drivers/scsi/scsi_lib.o
  CC      drivers/gpu/drm/i915/dvo_ns2501.o
  CC      net/xfrm/xfrm_algo.o
  CC      net/sunrpc/timer.o
  CC      drivers/tty/n_tty.o
  CC      drivers/gpu/drm/i915/i915_gem_dmabuf.o
  CC      net/xfrm/xfrm_user.o
  CC      drivers/scsi/scsi_lib_dma.o
  CC      net/sunrpc/xdr.o
  CC      drivers/scsi/scsi_scan.o
  CC      drivers/gpu/drm/i915/i915_ioc32.o
  CC      drivers/tty/tty_ioctl.o
  CC      net/wireless/mlme.o
  CC      net/sunrpc/sunrpc_syms.o
  CC      drivers/gpu/drm/i915/intel_acpi.o
  CC      drivers/tty/tty_ldisc.o
  CC      drivers/scsi/scsi_sysfs.o
  LD      net/xfrm/built-in.o
  CC      net/compat.o
  CC      net/sunrpc/cache.o
  LD      drivers/gpu/drm/i915/i915.o
  LD      drivers/gpu/drm/i915/built-in.o
  LD      drivers/gpu/drm/drm_kms_helper.o
  LD      drivers/gpu/drm/drm.o
  CC      drivers/tty/tty_buffer.o
  LD      drivers/gpu/drm/built-in.o
  LD      drivers/gpu/built-in.o
  CC      drivers/usb/class/usblp.o
  CC      drivers/scsi/scsi_devinfo.o
  CC      net/wireless/ibss.o
  CC      drivers/tty/tty_port.o
  CC      net/sysctl_net.o
  CC      drivers/scsi/scsi_sysctl.o
  CC      net/sunrpc/rpc_pipe.o
  LD      drivers/usb/class/built-in.o
  CC      drivers/tty/tty_mutex.o
  CC      drivers/usb/core/usb.o
  CC      net/wireless/sme.o
  CC      drivers/scsi/scsi_proc.o
  CC      drivers/tty/pty.o
  CC      drivers/video/hdmi.o
  CC      drivers/usb/core/hub.o
  CC      drivers/video/fb_notify.o
  CC      drivers/scsi/scsi_trace.o
  CC      net/sunrpc/svc_xprt.o
  CC      drivers/tty/tty_audit.o
  CC      drivers/video/fbmem.o
  CC      net/wireless/chan.o
  CC      drivers/tty/sysrq.o
  CC      drivers/scsi/scsi_pm.o
  CC      drivers/scsi/sd.o
  CC      net/sunrpc/stats.o
  CC      net/wireless/ethtool.o
  LD      drivers/tty/ipwireless/built-in.o
  CC      drivers/tty/serial/serial_core.o
  CC      drivers/video/fbmon.o
  CC      net/sunrpc/sysctl.o
  CC      drivers/usb/core/hcd.o
  CC      net/wireless/mesh.o
  CC      net/sunrpc/auth_gss/auth_gss.o
  CC      drivers/video/fbcmap.o
  CC      net/wireless/ap.o
  CC      drivers/scsi/sr.o
  CC      drivers/tty/serial/8250/8250_core.o
  CC      drivers/video/fbsysfs.o
  CC      drivers/usb/core/urb.o
  CC      net/wireless/trace.o
  CC      drivers/scsi/sr_ioctl.o
  CC      drivers/video/modedb.o
  CC      net/sunrpc/auth_gss/gss_generic_token.o
  CC      drivers/usb/core/message.o
  CC      drivers/video/fbcvt.o
  CC      net/sunrpc/auth_gss/gss_mech_switch.o
  CC      drivers/tty/serial/8250/8250_pnp.o
  CC      drivers/scsi/sr_vendor.o
  CC      drivers/tty/serial/8250/8250_dma.o
  CC      drivers/video/backlight/backlight.o
  CC      drivers/scsi/scsi_transport_spi.o
  CC      net/sunrpc/auth_gss/svcauth_gss.o
  CC      drivers/usb/core/driver.o
  CC      drivers/video/backlight/generic_bl.o
  CC      drivers/tty/serial/8250/8250_pci.o
  LD      drivers/video/backlight/built-in.o
  CC      drivers/video/console/dummycon.o
  CC      drivers/usb/core/config.o
  CC      drivers/video/console/vgacon.o
  LD      drivers/scsi/sd_mod.o
  LD      drivers/scsi/sr_mod.o
  CC      drivers/scsi/sg.o
  LD      net/sunrpc/auth_gss/auth_rpcgss.o
  CC      drivers/tty/serial/8250/8250_early.o
  LD      net/sunrpc/auth_gss/built-in.o
  LD      net/sunrpc/sunrpc.o
  LD      net/sunrpc/built-in.o
  CC      drivers/usb/early/ehci-dbgp.o
  CC      drivers/usb/core/file.o
  LD      drivers/tty/serial/8250/8250.o
  LD      drivers/tty/serial/8250/built-in.o
  LD      drivers/tty/serial/built-in.o
  CC      drivers/tty/vt/vt_ioctl.o
  CC      drivers/video/console/fbcon.o
  LD      drivers/usb/early/built-in.o
  CC      drivers/usb/core/buffer.o
  CC      drivers/usb/host/pci-quirks.o
  CC      drivers/usb/core/sysfs.o
  CC      drivers/tty/vt/vc_screen.o
  CC      drivers/usb/host/ehci-hcd.o
  LD      drivers/scsi/scsi_mod.o
  LD      drivers/scsi/built-in.o
  CC      drivers/video/logo/logo.o
  CC      drivers/usb/core/endpoint.o
  LOGO    drivers/video/logo/logo_linux_clut224.c
  LOGO    drivers/video/logo/logo_linux_mono.c
  LOGO    drivers/video/logo/logo_superh_mono.c
  LOGO    drivers/video/logo/clut_vga16.c
  LOGO    drivers/video/logo/logo_blackfin_vga16.c
  LOGO    drivers/video/logo/logo_linux_vga16.c
  LOGO    drivers/video/logo/logo_superh_vga16.c
  LOGO    drivers/video/logo/logo_blackfin_clut224.c
  LOGO    drivers/video/logo/logo_dec_clut224.c
  LOGO    drivers/video/logo/logo_m32r_clut224.c
  LOGO    drivers/video/logo/logo_mac_clut224.c
  LOGO    drivers/video/logo/logo_parisc_clut224.c
  LOGO    drivers/video/logo/logo_sgi_clut224.c
  LOGO    drivers/video/logo/logo_spe_clut224.c
  LOGO    drivers/video/logo/logo_sun_clut224.c
  LOGO    drivers/video/logo/logo_superh_clut224.c
  CC      drivers/video/logo/logo_linux_clut224.o
  CC      drivers/tty/vt/selection.o
  LD      drivers/video/logo/built-in.o
  LD      drivers/video/omap2/displays/built-in.o
  CC      drivers/usb/core/devio.o
  LD      drivers/video/omap2/built-in.o
  CC      drivers/video/cfbfillrect.o
  CC      drivers/video/console/bitblit.o
  CC      drivers/tty/vt/keyboard.o
  CC      drivers/video/cfbcopyarea.o
  CC      drivers/video/console/fonts.o
  LD      drivers/watchdog/built-in.o
  LD      net/wireless/cfg80211.o
  LD      net/wireless/built-in.o
  CC      drivers/usb/core/notify.o
  LD      net/built-in.o
  CC      drivers/video/console/font_8x8.o
  LD      drivers/usb/misc/built-in.o
  CC      drivers/video/console/font_8x16.o
  CC      drivers/usb/mon/mon_main.o
  CC      drivers/usb/host/ehci-pci.o
  CC      drivers/tty/vt/consolemap.o
  CC      drivers/usb/core/generic.o
  CC      drivers/video/console/softcursor.o
  CC      drivers/usb/mon/mon_stat.o
  CC      drivers/usb/host/ohci-hcd.o
  CC      drivers/usb/host/uhci-hcd.o
  CC      drivers/usb/core/quirks.o
  CC      drivers/video/console/tileblit.o
  CONMK   drivers/tty/vt/consolemap_deftbl.c
  CC      drivers/tty/vt/vt.o
  CC      drivers/usb/core/devices.o
  CC      drivers/usb/mon/mon_text.o
  LD      drivers/video/console/font.o
  LD      drivers/video/console/built-in.o
  CC      drivers/video/cfbimgblt.o
  CC      drivers/usb/core/port.o
  CC      drivers/video/efifb.o
  CC      drivers/usb/mon/mon_bin.o
  CC      drivers/usb/core/hcd-pci.o
  SHIPPED drivers/tty/vt/defkeymap.c
  CC      drivers/video/output.o
  CC      drivers/tty/vt/consolemap_deftbl.o
  CC      drivers/tty/vt/defkeymap.o
  LD      drivers/usb/host/built-in.o
  LD      drivers/video/fb.o
  CC      drivers/usb/usb-common.o
  CC      drivers/usb/storage/scsiglue.o
  LD      drivers/video/built-in.o
  CC      drivers/usb/core/usb-acpi.o
  CC      drivers/usb/storage/protocol.o
  CC      drivers/usb/storage/transport.o
  LD      drivers/usb/mon/usbmon.o
  LD      drivers/usb/mon/built-in.o
  CC      drivers/usb/storage/usb.o
  LD      drivers/tty/vt/built-in.o
  LD      drivers/tty/built-in.o
  CC      drivers/usb/storage/initializers.o
  LD      drivers/usb/core/usbcore.o
  CC      drivers/usb/storage/sierra_ms.o
  LD      drivers/usb/core/built-in.o
  CC      drivers/usb/storage/option_ms.o
  CC      drivers/usb/storage/usual-tables.o
  LD      drivers/usb/storage/usb-storage.o
  LD      drivers/usb/storage/built-in.o
  LD      drivers/usb/built-in.o
  LD      drivers/built-in.o
  LINK    vmlinux
  LD      vmlinux.o
  MODPOST vmlinux.o
  GEN     .version
  CHK     include/generated/compile.h
  UPD     include/generated/compile.h
  CC      init/version.o
  LD      init/built-in.o
  KSYM    .tmp_kallsyms1.o
  KSYM    .tmp_kallsyms2.o
  LD      vmlinux
  SORTEX  vmlinux
  SYSMAP  System.map
  Building modules, stage 2.
  MODPOST 10 modules
  CC      net/ipv4/netfilter/ipt_MASQUERADE.mod.o
  CC      net/ipv4/netfilter/iptable_nat.mod.o
  CC      net/ipv4/netfilter/nf_nat_ipv4.mod.o
  CC      net/netfilter/nf_nat.mod.o
  CC      net/netfilter/nf_nat_ftp.mod.o
  CC      arch/x86/boot/a20.o
  AS      arch/x86/boot/bioscall.o
  CC      net/netfilter/nf_nat_irc.mod.o
  CC      net/netfilter/nf_nat_sip.mod.o
  CC      net/netfilter/xt_LOG.mod.o
  CC      net/netfilter/xt_mark.mod.o
  CC      arch/x86/boot/cmdline.o
  CC      net/netfilter/xt_nat.mod.o
  LD [M]  net/ipv4/netfilter/ipt_MASQUERADE.ko
  AS      arch/x86/boot/copy.o
  LD [M]  net/ipv4/netfilter/iptable_nat.ko
  LD [M]  net/ipv4/netfilter/nf_nat_ipv4.ko
  HOSTCC  arch/x86/boot/mkcpustr
  LD [M]  net/netfilter/nf_nat.ko
  CC      arch/x86/boot/cpucheck.o
  LD [M]  net/netfilter/nf_nat_ftp.ko
  CC      arch/x86/boot/early_serial_console.o
  CC      arch/x86/boot/edd.o
  VOFFSET arch/x86/boot/voffset.h
  LD [M]  net/netfilter/nf_nat_irc.ko
  LD [M]  net/netfilter/nf_nat_sip.ko
  LD [M]  net/netfilter/xt_LOG.ko
  CC      arch/x86/boot/main.o
  CC      arch/x86/boot/mca.o
  LD [M]  net/netfilter/xt_mark.ko
  CC      arch/x86/boot/memory.o
  LD [M]  net/netfilter/xt_nat.ko
  CC      arch/x86/boot/pm.o
  LDS     arch/x86/boot/compressed/vmlinux.lds
  AS      arch/x86/boot/pmjump.o
  CC      arch/x86/boot/printf.o
  CC      arch/x86/boot/regs.o
  AS      arch/x86/boot/compressed/head_64.o
  CC      arch/x86/boot/compressed/misc.o
  CC      arch/x86/boot/compressed/string.o
  CC      arch/x86/boot/string.o
  CC      arch/x86/boot/compressed/cmdline.o
  CC      arch/x86/boot/tty.o
  CC      arch/x86/boot/compressed/early_serial_console.o
  CC      arch/x86/boot/video.o
  OBJCOPY arch/x86/boot/compressed/vmlinux.bin
  HOSTCC  arch/x86/boot/compressed/mkpiggy
  CC      arch/x86/boot/video-mode.o
  CC      arch/x86/boot/version.o
  GZIP    arch/x86/boot/compressed/vmlinux.bin.gz
  CC      arch/x86/boot/video-vga.o
  CC      arch/x86/boot/video-vesa.o
  CC      arch/x86/boot/video-bios.o
  HOSTCC  arch/x86/boot/tools/build
  CPUSTR  arch/x86/boot/cpustr.h
  CC      arch/x86/boot/cpu.o
  MKPIGGY arch/x86/boot/compressed/piggy.S
  AS      arch/x86/boot/compressed/piggy.o
  LD      arch/x86/boot/compressed/vmlinux
  ZOFFSET arch/x86/boot/zoffset.h
  OBJCOPY arch/x86/boot/vmlinux.bin
  AS      arch/x86/boot/header.o
  LD      arch/x86/boot/setup.elf
  OBJCOPY arch/x86/boot/setup.bin
  BUILD   arch/x86/boot/bzImage
Setup is 15200 bytes (padded to 15360 bytes).
System is 5203 kB
CRC 1fb1cf4e
Kernel: arch/x86/boot/bzImage is ready  (#1)
EXIT_CODE=0
